Jun  8 20:33:36 sim-16 kernel: imklog 5.8.6, log source = /proc/kmsg started.
Jun  8 20:33:36 sim-16 kernel: [    0.000000] Initializing cgroup subsys cpuset
Jun  8 20:33:36 sim-16 kernel: [    0.000000] Initializing cgroup subsys cpu
Jun  8 20:33:36 sim-16 kernel: [    0.000000] Linux version 3.2.0-23-generic (buildd@crested) (gcc version 4.6.3 (Ubuntu/Linaro 4.6.3-1ubuntu4) ) #36-Ubuntu SMP Tue Apr 10 20:39:51 UTC 2012 (Ubuntu 3.2.0-23.36-generic 3.2.14)
Jun  8 20:33:36 sim-16 kernel: [    0.000000] Command line: BOOT_IMAGE=/vmlinuz-3.2.0-23-generic root=UUID=a5c3ce9f-9010-4ab7-84c1-a7d301f17daa ro BOOTIF=01-00-25-90-c0-bf-e6 quiet splash vt.handoff=7
Jun  8 20:33:36 sim-16 kernel: [    0.000000] KERNEL supported cpus:
Jun  8 20:33:36 sim-16 kernel: [    0.000000]   Intel GenuineIntel
Jun  8 20:33:36 sim-16 kernel: [    0.000000]   AMD AuthenticAMD
Jun  8 20:33:36 sim-16 kernel: [    0.000000]   Centaur CentaurHauls
Jun  8 20:33:36 sim-16 kernel: [    0.000000] BIOS-provided physical RAM map:
Jun  8 20:33:36 sim-16 kernel: [    0.000000]  BIOS-e820: 0000000000000000 - 0000000000098400 (usable)
Jun  8 20:33:36 sim-16 kernel: [    0.000000]  BIOS-e820: 0000000000098400 - 00000000000a0000 (reserved)
Jun  8 20:33:36 sim-16 kernel: [    0.000000]  BIOS-e820: 00000000000e0000 - 0000000000100000 (reserved)
Jun  8 20:33:36 sim-16 kernel: [    0.000000]  BIOS-e820: 0000000000100000 - 000000007df99000 (usable)
Jun  8 20:33:36 sim-16 kernel: [    0.000000]  BIOS-e820: 000000007df99000 - 000000007dfd1000 (reserved)
Jun  8 20:33:36 sim-16 kernel: [    0.000000]  BIOS-e820: 000000007dfd1000 - 000000007e289000 (ACPI NVS)
Jun  8 20:33:36 sim-16 kernel: [    0.000000]  BIOS-e820: 000000007e289000 - 000000007f365000 (reserved)
Jun  8 20:33:36 sim-16 kernel: [    0.000000]  BIOS-e820: 000000007f365000 - 000000007f800000 (ACPI NVS)
Jun  8 20:33:36 sim-16 kernel: [    0.000000]  BIOS-e820: 0000000080000000 - 0000000090000000 (reserved)
Jun  8 20:33:36 sim-16 kernel: [    0.000000]  BIOS-e820: 00000000fed1c000 - 00000000fed40000 (reserved)
Jun  8 20:33:36 sim-16 kernel: [    0.000000]  BIOS-e820: 00000000ff000000 - 0000000100000000 (reserved)
Jun  8 20:33:36 sim-16 kernel: [    0.000000]  BIOS-e820: 0000000100000000 - 0000000880000000 (usable)
Jun  8 20:33:36 sim-16 kernel: [    0.000000] NX (Execute Disable) protection: active
Jun  8 20:33:36 sim-16 kernel: [    0.000000] DMI 2.7 present.
Jun  8 20:33:36 sim-16 kernel: [    0.000000] DMI: Supermicro X9DRi-LN4+/X9DR3-LN4+/X9DRi-LN4+/X9DR3-LN4+, BIOS 2.0 01/11/2013
Jun  8 20:33:36 sim-16 kernel: [    0.000000] e820 update range: 0000000000000000 - 0000000000010000 (usable) ==> (reserved)
Jun  8 20:33:36 sim-16 kernel: [    0.000000] e820 remove range: 00000000000a0000 - 0000000000100000 (usable)
Jun  8 20:33:36 sim-16 kernel: [    0.000000] No AGP bridge found
Jun  8 20:33:36 sim-16 kernel: [    0.000000] last_pfn = 0x880000 max_arch_pfn = 0x400000000
Jun  8 20:33:36 sim-16 kernel: [    0.000000] MTRR default type: uncachable
Jun  8 20:33:36 sim-16 kernel: [    0.000000] MTRR fixed ranges enabled:
Jun  8 20:33:36 sim-16 kernel: [    0.000000]   00000-9FFFF write-back
Jun  8 20:33:36 sim-16 kernel: [    0.000000]   A0000-BFFFF uncachable
Jun  8 20:33:36 sim-16 kernel: [    0.000000]   C0000-FFFFF write-protect
Jun  8 20:33:36 sim-16 kernel: [    0.000000] MTRR variable ranges enabled:
Jun  8 20:33:36 sim-16 kernel: [    0.000000]   0 base 000000000000 mask 3FF800000000 write-back
Jun  8 20:33:36 sim-16 kernel: [    0.000000]   1 base 000800000000 mask 3FFF80000000 write-back
Jun  8 20:33:36 sim-16 kernel: [    0.000000]   2 base 000080000000 mask 3FFF80000000 uncachable
Jun  8 20:33:36 sim-16 kernel: [    0.000000]   3 disabled
Jun  8 20:33:36 sim-16 kernel: [    0.000000]   4 disabled
Jun  8 20:33:36 sim-16 kernel: [    0.000000]   5 disabled
Jun  8 20:33:36 sim-16 kernel: [    0.000000]   6 disabled
Jun  8 20:33:36 sim-16 kernel: [    0.000000]   7 disabled
Jun  8 20:33:36 sim-16 kernel: [    0.000000]   8 disabled
Jun  8 20:33:36 sim-16 kernel: [    0.000000]   9 disabled
Jun  8 20:33:36 sim-16 kernel: [    0.000000] x86 PAT enabled: cpu 0, old 0x7040600070406, new 0x7010600070106
Jun  8 20:33:36 sim-16 kernel: [    0.000000] original variable MTRRs
Jun  8 20:33:36 sim-16 kernel: [    0.000000] reg 0, base: 0GB, range: 32GB, type WB
Jun  8 20:33:36 sim-16 kernel: [    0.000000] reg 1, base: 32GB, range: 2GB, type WB
Jun  8 20:33:36 sim-16 kernel: [    0.000000] reg 2, base: 2GB, range: 2GB, type UC
Jun  8 20:33:36 sim-16 kernel: [    0.000000] total RAM covered: 32768M
Jun  8 20:33:36 sim-16 kernel: [    0.000000] Found optimal setting for mtrr clean up
Jun  8 20:33:36 sim-16 kernel: [    0.000000]  gran_size: 64K 	chunk_size: 64K 	num_reg: 5  	lose cover RAM: 0G
Jun  8 20:33:36 sim-16 kernel: [    0.000000] New variable MTRRs
Jun  8 20:33:36 sim-16 kernel: [    0.000000] reg 0, base: 0GB, range: 2GB, type WB
Jun  8 20:33:36 sim-16 kernel: [    0.000000] reg 1, base: 4GB, range: 4GB, type WB
Jun  8 20:33:36 sim-16 kernel: [    0.000000] reg 2, base: 8GB, range: 8GB, type WB
Jun  8 20:33:36 sim-16 kernel: [    0.000000] reg 3, base: 16GB, range: 16GB, type WB
Jun  8 20:33:36 sim-16 kernel: [    0.000000] reg 4, base: 32GB, range: 2GB, type WB
Jun  8 20:33:36 sim-16 kernel: [    0.000000] e820 update range: 0000000080000000 - 0000000100000000 (usable) ==> (reserved)
Jun  8 20:33:36 sim-16 kernel: [    0.000000] last_pfn = 0x7df99 max_arch_pfn = 0x400000000
Jun  8 20:33:36 sim-16 kernel: [    0.000000] found SMP MP-table at [ffff8800000fdae0] fdae0
Jun  8 20:33:36 sim-16 kernel: [    0.000000] initial memory mapped : 0 - 20000000
Jun  8 20:33:36 sim-16 kernel: [    0.000000] Base memory trampoline at [ffff880000093000] 93000 size 20480
Jun  8 20:33:36 sim-16 kernel: [    0.000000] Using GB pages for direct mapping
Jun  8 20:33:36 sim-16 kernel: [    0.000000] init_memory_mapping: 0000000000000000-000000007df99000
Jun  8 20:33:36 sim-16 kernel: [    0.000000]  0000000000 - 0040000000 page 1G
Jun  8 20:33:36 sim-16 kernel: [    0.000000]  0040000000 - 007de00000 page 2M
Jun  8 20:33:36 sim-16 kernel: [    0.000000]  007de00000 - 007df99000 page 4k
Jun  8 20:33:36 sim-16 kernel: [    0.000000] kernel direct mapping tables up to 7df99000 @ 1fffd000-20000000
Jun  8 20:33:36 sim-16 kernel: [    0.000000] init_memory_mapping: 0000000100000000-0000000880000000
Jun  8 20:33:36 sim-16 kernel: [    0.000000]  0100000000 - 0880000000 page 1G
Jun  8 20:33:36 sim-16 kernel: [    0.000000] kernel direct mapping tables up to 880000000 @ 7df98000-7df99000
Jun  8 20:33:36 sim-16 kernel: [    0.000000] RAMDISK: 364e8000 - 3726c000
Jun  8 20:33:36 sim-16 kernel: [    0.000000] ACPI: RSDP 00000000000f0490 00024 (v02 SUPERM)
Jun  8 20:33:36 sim-16 kernel: [    0.000000] ACPI: XSDT 000000007e20b090 000A4 (v01 SUPERM SMCI--MB 00000001 AMI  00010013)
Jun  8 20:33:36 sim-16 kernel: [    0.000000] ACPI: FACP 000000007e214770 000F4 (v04 SUPERM SMCI--MB 00000001 AMI  00010013)
Jun  8 20:33:36 sim-16 kernel: [    0.000000] ACPI: DSDT 000000007e20b1d0 09599 (v02 SUPERM SMCI--MB 00000000 INTL 20121220)
Jun  8 20:33:36 sim-16 kernel: [    0.000000] ACPI: FACS 000000007e286f80 00040
Jun  8 20:33:36 sim-16 kernel: [    0.000000] ACPI: APIC 000000007e214868 00224 (v03                 00000001 AMI  00010013)
Jun  8 20:33:36 sim-16 kernel: [    0.000000] ACPI: FPDT 000000007e214a90 00044 (v01                 00000001 AMI  00010013)
Jun  8 20:33:36 sim-16 kernel: [    0.000000] ACPI: SRAT 000000007e214ad8 004B0 (v01 A M I  AMI SRAT 00000001 AMI. 00000000)
Jun  8 20:33:36 sim-16 kernel: [    0.000000] ACPI: SLIT 000000007e214f88 00030 (v01 A M I  AMI SLIT 00000000 AMI. 00000000)
Jun  8 20:33:36 sim-16 kernel: [    0.000000] ACPI: HPET 000000007e214fb8 00038 (v01 SUPERM SMCI--MB 00000001 AMI. 00000005)
Jun  8 20:33:36 sim-16 kernel: [    0.000000] ACPI: PRAD 000000007e214ff0 000BE (v02 PRADID  PRADTID 00000001 MSFT 04000000)
Jun  8 20:33:36 sim-16 kernel: [    0.000000] ACPI: SPMI 000000007e2150b0 00040 (v05 A M I   OEMSPMI 00000000 AMI. 00000000)
Jun  8 20:33:36 sim-16 kernel: [    0.000000] ACPI: SSDT 000000007e2150f0 6B344 (v02  INTEL    CpuPm 00004000 INTL 20121220)
Jun  8 20:33:36 sim-16 kernel: [    0.000000] ACPI: SPCR 000000007e280438 00050 (v01  A M I   APTIO4 00000001 AMI. 00000005)
Jun  8 20:33:36 sim-16 kernel: [    0.000000] ACPI: EINJ 000000007e280488 00130 (v01    AMI AMI EINJ 00000000      00000000)
Jun  8 20:33:36 sim-16 kernel: [    0.000000] ACPI: ERST 000000007e2805b8 00230 (v01  AMIER AMI ERST 00000000      00000000)
Jun  8 20:33:36 sim-16 kernel: [    0.000000] ACPI: HEST 000000007e2807e8 000A8 (v01    AMI AMI HEST 00000000      00000000)
Jun  8 20:33:36 sim-16 kernel: [    0.000000] ACPI: BERT 000000007e280890 00030 (v01    AMI AMI BERT 00000000      00000000)
Jun  8 20:33:36 sim-16 kernel: [    0.000000] ACPI: DMAR 000000007e2808c0 00158 (v01 A M I   OEMDMAR 00000001 INTL 00000001)
Jun  8 20:33:36 sim-16 kernel: [    0.000000] ACPI: MCFG 000000007e280a18 0003C (v01 SUPERM SMCI--MB 00000001 MSFT 00000097)
Jun  8 20:33:36 sim-16 kernel: [    0.000000] ACPI: Local APIC address 0xfee00000
Jun  8 20:33:36 sim-16 kernel: [    0.000000] SRAT: PXM 0 -> APIC 0x00 -> Node 0
Jun  8 20:33:36 sim-16 kernel: [    0.000000] SRAT: PXM 0 -> APIC 0x01 -> Node 0
Jun  8 20:33:36 sim-16 kernel: [    0.000000] SRAT: PXM 0 -> APIC 0x02 -> Node 0
Jun  8 20:33:36 sim-16 kernel: [    0.000000] SRAT: PXM 0 -> APIC 0x03 -> Node 0
Jun  8 20:33:36 sim-16 kernel: [    0.000000] SRAT: PXM 0 -> APIC 0x04 -> Node 0
Jun  8 20:33:36 sim-16 kernel: [    0.000000] SRAT: PXM 0 -> APIC 0x05 -> Node 0
Jun  8 20:33:36 sim-16 kernel: [    0.000000] SRAT: PXM 0 -> APIC 0x06 -> Node 0
Jun  8 20:33:36 sim-16 kernel: [    0.000000] SRAT: PXM 0 -> APIC 0x07 -> Node 0
Jun  8 20:33:36 sim-16 kernel: [    0.000000] SRAT: PXM 0 -> APIC 0x08 -> Node 0
Jun  8 20:33:36 sim-16 kernel: [    0.000000] SRAT: PXM 0 -> APIC 0x09 -> Node 0
Jun  8 20:33:36 sim-16 kernel: [    0.000000] SRAT: PXM 0 -> APIC 0x0a -> Node 0
Jun  8 20:33:36 sim-16 kernel: [    0.000000] SRAT: PXM 0 -> APIC 0x0b -> Node 0
Jun  8 20:33:36 sim-16 kernel: [    0.000000] SRAT: PXM 0 -> APIC 0x0c -> Node 0
Jun  8 20:33:36 sim-16 kernel: [    0.000000] SRAT: PXM 0 -> APIC 0x0d -> Node 0
Jun  8 20:33:36 sim-16 kernel: [    0.000000] SRAT: PXM 0 -> APIC 0x0e -> Node 0
Jun  8 20:33:36 sim-16 kernel: [    0.000000] SRAT: PXM 0 -> APIC 0x0f -> Node 0
Jun  8 20:33:36 sim-16 kernel: [    0.000000] SRAT: PXM 1 -> APIC 0x20 -> Node 1
Jun  8 20:33:36 sim-16 kernel: [    0.000000] SRAT: PXM 1 -> APIC 0x21 -> Node 1
Jun  8 20:33:36 sim-16 kernel: [    0.000000] SRAT: PXM 1 -> APIC 0x22 -> Node 1
Jun  8 20:33:36 sim-16 kernel: [    0.000000] SRAT: PXM 1 -> APIC 0x23 -> Node 1
Jun  8 20:33:36 sim-16 kernel: [    0.000000] SRAT: PXM 1 -> APIC 0x24 -> Node 1
Jun  8 20:33:36 sim-16 kernel: [    0.000000] SRAT: PXM 1 -> APIC 0x25 -> Node 1
Jun  8 20:33:36 sim-16 kernel: [    0.000000] SRAT: PXM 1 -> APIC 0x26 -> Node 1
Jun  8 20:33:36 sim-16 kernel: [    0.000000] SRAT: PXM 1 -> APIC 0x27 -> Node 1
Jun  8 20:33:36 sim-16 kernel: [    0.000000] SRAT: PXM 1 -> APIC 0x28 -> Node 1
Jun  8 20:33:36 sim-16 kernel: [    0.000000] SRAT: PXM 1 -> APIC 0x29 -> Node 1
Jun  8 20:33:36 sim-16 kernel: [    0.000000] SRAT: PXM 1 -> APIC 0x2a -> Node 1
Jun  8 20:33:36 sim-16 kernel: [    0.000000] SRAT: PXM 1 -> APIC 0x2b -> Node 1
Jun  8 20:33:36 sim-16 kernel: [    0.000000] SRAT: PXM 1 -> APIC 0x2c -> Node 1
Jun  8 20:33:36 sim-16 kernel: [    0.000000] SRAT: PXM 1 -> APIC 0x2d -> Node 1
Jun  8 20:33:36 sim-16 kernel: [    0.000000] SRAT: PXM 1 -> APIC 0x2e -> Node 1
Jun  8 20:33:36 sim-16 kernel: [    0.000000] SRAT: PXM 1 -> APIC 0x2f -> Node 1
Jun  8 20:33:36 sim-16 kernel: [    0.000000] SRAT: Node 0 PXM 0 0-80000000
Jun  8 20:33:36 sim-16 kernel: [    0.000000] SRAT: Node 0 PXM 0 100000000-480000000
Jun  8 20:33:36 sim-16 kernel: [    0.000000] SRAT: Node 1 PXM 1 480000000-880000000
Jun  8 20:33:36 sim-16 kernel: [    0.000000] NUMA: Initialized distance table, cnt=2
Jun  8 20:33:36 sim-16 kernel: [    0.000000] NUMA: Node 0 [0,80000000) + [100000000,480000000) -> [0,480000000)
Jun  8 20:33:36 sim-16 kernel: [    0.000000] Initmem setup node 0 0000000000000000-0000000480000000
Jun  8 20:33:36 sim-16 kernel: [    0.000000]   NODE_DATA [000000047fffb000 - 000000047fffffff]
Jun  8 20:33:36 sim-16 kernel: [    0.000000] Initmem setup node 1 0000000480000000-0000000880000000
Jun  8 20:33:36 sim-16 kernel: [    0.000000]   NODE_DATA [000000087fffa000 - 000000087fffefff]
Jun  8 20:33:36 sim-16 kernel: [    0.000000]  [ffffea0000000000-ffffea0011ffffff] PMD -> [ffff88046fe00000-ffff88047fdfffff] on node 0
Jun  8 20:33:36 sim-16 kernel: [    0.000000]  [ffffea0012000000-ffffea0021ffffff] PMD -> [ffff88086f600000-ffff88087f5fffff] on node 1
Jun  8 20:33:36 sim-16 kernel: [    0.000000] Zone PFN ranges:
Jun  8 20:33:36 sim-16 kernel: [    0.000000]   DMA      0x00000010 -> 0x00001000
Jun  8 20:33:36 sim-16 kernel: [    0.000000]   DMA32    0x00001000 -> 0x00100000
Jun  8 20:33:36 sim-16 kernel: [    0.000000]   Normal   0x00100000 -> 0x00880000
Jun  8 20:33:36 sim-16 kernel: [    0.000000] Movable zone start PFN for each node
Jun  8 20:33:36 sim-16 kernel: [    0.000000] early_node_map[4] active PFN ranges
Jun  8 20:33:36 sim-16 kernel: [    0.000000]     0: 0x00000010 -> 0x00000098
Jun  8 20:33:36 sim-16 kernel: [    0.000000]     0: 0x00000100 -> 0x0007df99
Jun  8 20:33:36 sim-16 kernel: [    0.000000]     0: 0x00100000 -> 0x00480000
Jun  8 20:33:36 sim-16 kernel: [    0.000000]     1: 0x00480000 -> 0x00880000
Jun  8 20:33:36 sim-16 kernel: [    0.000000] On node 0 totalpages: 4185889
Jun  8 20:33:36 sim-16 kernel: [    0.000000]   DMA zone: 64 pages used for memmap
Jun  8 20:33:36 sim-16 kernel: [    0.000000]   DMA zone: 5 pages reserved
Jun  8 20:33:36 sim-16 kernel: [    0.000000]   DMA zone: 3907 pages, LIFO batch:0
Jun  8 20:33:36 sim-16 kernel: [    0.000000]   DMA32 zone: 16320 pages used for memmap
Jun  8 20:33:36 sim-16 kernel: [    0.000000]   DMA32 zone: 495577 pages, LIFO batch:31
Jun  8 20:33:36 sim-16 kernel: [    0.000000]   Normal zone: 57344 pages used for memmap
Jun  8 20:33:36 sim-16 kernel: [    0.000000]   Normal zone: 3612672 pages, LIFO batch:31
Jun  8 20:33:36 sim-16 kernel: [    0.000000] On node 1 totalpages: 4194304
Jun  8 20:33:36 sim-16 kernel: [    0.000000]   Normal zone: 65536 pages used for memmap
Jun  8 20:33:36 sim-16 kernel: [    0.000000]   Normal zone: 4128768 pages, LIFO batch:31
Jun  8 20:33:36 sim-16 kernel: [    0.000000] ACPI: PM-Timer IO Port: 0x408
Jun  8 20:33:36 sim-16 kernel: [    0.000000] ACPI: Local APIC address 0xfee00000
Jun  8 20:33:36 sim-16 kernel: [    0.000000] ACPI: LAPIC (acpi_id[0x00] lapic_id[0x00] enabled)
Jun  8 20:33:36 sim-16 kernel: [    0.000000] ACPI: LAPIC (acpi_id[0x02] lapic_id[0x02] enabled)
Jun  8 20:33:36 sim-16 kernel: [    0.000000] ACPI: LAPIC (acpi_id[0x04] lapic_id[0x04] enabled)
Jun  8 20:33:36 sim-16 kernel: [    0.000000] ACPI: LAPIC (acpi_id[0x06] lapic_id[0x06] enabled)
Jun  8 20:33:36 sim-16 kernel: [    0.000000] ACPI: LAPIC (acpi_id[0x08] lapic_id[0x08] enabled)
Jun  8 20:33:36 sim-16 kernel: [    0.000000] ACPI: LAPIC (acpi_id[0x0a] lapic_id[0x0a] enabled)
Jun  8 20:33:36 sim-16 kernel: [    0.000000] ACPI: LAPIC (acpi_id[0x0c] lapic_id[0x0c] enabled)
Jun  8 20:33:36 sim-16 kernel: [    0.000000] ACPI: LAPIC (acpi_id[0x0e] lapic_id[0x0e] enabled)
Jun  8 20:33:36 sim-16 kernel: [    0.000000] ACPI: LAPIC (acpi_id[0x10] lapic_id[0x20] enabled)
Jun  8 20:33:36 sim-16 kernel: [    0.000000] ACPI: LAPIC (acpi_id[0x12] lapic_id[0x22] enabled)
Jun  8 20:33:36 sim-16 kernel: [    0.000000] ACPI: LAPIC (acpi_id[0x14] lapic_id[0x24] enabled)
Jun  8 20:33:36 sim-16 kernel: [    0.000000] ACPI: LAPIC (acpi_id[0x16] lapic_id[0x26] enabled)
Jun  8 20:33:36 sim-16 kernel: [    0.000000] ACPI: LAPIC (acpi_id[0x18] lapic_id[0x28] enabled)
Jun  8 20:33:36 sim-16 kernel: [    0.000000] ACPI: LAPIC (acpi_id[0x1a] lapic_id[0x2a] enabled)
Jun  8 20:33:36 sim-16 kernel: [    0.000000] ACPI: LAPIC (acpi_id[0x1c] lapic_id[0x2c] enabled)
Jun  8 20:33:36 sim-16 kernel: [    0.000000] ACPI: LAPIC (acpi_id[0x1e] lapic_id[0x2e] enabled)
Jun  8 20:33:36 sim-16 kernel: [    0.000000] ACPI: LAPIC (acpi_id[0x01] lapic_id[0x01] enabled)
Jun  8 20:33:36 sim-16 kernel: [    0.000000] ACPI: LAPIC (acpi_id[0x03] lapic_id[0x03] enabled)
Jun  8 20:33:36 sim-16 kernel: [    0.000000] ACPI: LAPIC (acpi_id[0x05] lapic_id[0x05] enabled)
Jun  8 20:33:36 sim-16 kernel: [    0.000000] ACPI: LAPIC (acpi_id[0x07] lapic_id[0x07] enabled)
Jun  8 20:33:36 sim-16 kernel: [    0.000000] ACPI: LAPIC (acpi_id[0x09] lapic_id[0x09] enabled)
Jun  8 20:33:36 sim-16 kernel: [    0.000000] ACPI: LAPIC (acpi_id[0x0b] lapic_id[0x0b] enabled)
Jun  8 20:33:36 sim-16 kernel: [    0.000000] ACPI: LAPIC (acpi_id[0x0d] lapic_id[0x0d] enabled)
Jun  8 20:33:36 sim-16 kernel: [    0.000000] ACPI: LAPIC (acpi_id[0x0f] lapic_id[0x0f] enabled)
Jun  8 20:33:36 sim-16 kernel: [    0.000000] ACPI: LAPIC (acpi_id[0x11] lapic_id[0x21] enabled)
Jun  8 20:33:36 sim-16 kernel: [    0.000000] ACPI: LAPIC (acpi_id[0x13] lapic_id[0x23] enabled)
Jun  8 20:33:36 sim-16 kernel: [    0.000000] ACPI: LAPIC (acpi_id[0x15] lapic_id[0x25] enabled)
Jun  8 20:33:36 sim-16 kernel: [    0.000000] ACPI: LAPIC (acpi_id[0x17] lapic_id[0x27] enabled)
Jun  8 20:33:36 sim-16 kernel: [    0.000000] ACPI: LAPIC (acpi_id[0x19] lapic_id[0x29] enabled)
Jun  8 20:33:36 sim-16 kernel: [    0.000000] ACPI: LAPIC (acpi_id[0x1b] lapic_id[0x2b] enabled)
Jun  8 20:33:36 sim-16 kernel: [    0.000000] ACPI: LAPIC (acpi_id[0x1d] lapic_id[0x2d] enabled)
Jun  8 20:33:36 sim-16 kernel: [    0.000000] ACPI: LAPIC (acpi_id[0x1f] lapic_id[0x2f] enabled)
Jun  8 20:33:36 sim-16 kernel: [    0.000000] ACPI: LAPIC_NMI (acpi_id[0x00] high edge lint[0x1])
Jun  8 20:33:36 sim-16 kernel: [    0.000000] ACPI: LAPIC_NMI (acpi_id[0x02] high edge lint[0x1])
Jun  8 20:33:36 sim-16 kernel: [    0.000000] ACPI: LAPIC_NMI (acpi_id[0x04] high edge lint[0x1])
Jun  8 20:33:36 sim-16 kernel: [    0.000000] ACPI: LAPIC_NMI (acpi_id[0x06] high edge lint[0x1])
Jun  8 20:33:36 sim-16 kernel: [    0.000000] ACPI: LAPIC_NMI (acpi_id[0x08] high edge lint[0x1])
Jun  8 20:33:36 sim-16 kernel: [    0.000000] ACPI: LAPIC_NMI (acpi_id[0x0a] high edge lint[0x1])
Jun  8 20:33:36 sim-16 kernel: [    0.000000] ACPI: LAPIC_NMI (acpi_id[0x0c] high edge lint[0x1])
Jun  8 20:33:36 sim-16 kernel: [    0.000000] ACPI: LAPIC_NMI (acpi_id[0x0e] high edge lint[0x1])
Jun  8 20:33:36 sim-16 kernel: [    0.000000] ACPI: LAPIC_NMI (acpi_id[0x10] high edge lint[0x1])
Jun  8 20:33:36 sim-16 kernel: [    0.000000] ACPI: LAPIC_NMI (acpi_id[0x12] high edge lint[0x1])
Jun  8 20:33:36 sim-16 kernel: [    0.000000] ACPI: LAPIC_NMI (acpi_id[0x14] high edge lint[0x1])
Jun  8 20:33:36 sim-16 kernel: [    0.000000] ACPI: LAPIC_NMI (acpi_id[0x16] high edge lint[0x1])
Jun  8 20:33:36 sim-16 kernel: [    0.000000] ACPI: LAPIC_NMI (acpi_id[0x18] high edge lint[0x1])
Jun  8 20:33:36 sim-16 kernel: [    0.000000] ACPI: LAPIC_NMI (acpi_id[0x1a] high edge lint[0x1])
Jun  8 20:33:36 sim-16 kernel: [    0.000000] ACPI: LAPIC_NMI (acpi_id[0x1c] high edge lint[0x1])
Jun  8 20:33:36 sim-16 kernel: [    0.000000] ACPI: LAPIC_NMI (acpi_id[0x1e] high edge lint[0x1])
Jun  8 20:33:36 sim-16 kernel: [    0.000000] ACPI: LAPIC_NMI (acpi_id[0x01] high edge lint[0x1])
Jun  8 20:33:36 sim-16 kernel: [    0.000000] ACPI: LAPIC_NMI (acpi_id[0x03] high edge lint[0x1])
Jun  8 20:33:36 sim-16 kernel: [    0.000000] ACPI: LAPIC_NMI (acpi_id[0x05] high edge lint[0x1])
Jun  8 20:33:36 sim-16 kernel: [    0.000000] ACPI: LAPIC_NMI (acpi_id[0x07] high edge lint[0x1])
Jun  8 20:33:36 sim-16 kernel: [    0.000000] ACPI: LAPIC_NMI (acpi_id[0x09] high edge lint[0x1])
Jun  8 20:33:36 sim-16 kernel: [    0.000000] ACPI: LAPIC_NMI (acpi_id[0x0b] high edge lint[0x1])
Jun  8 20:33:36 sim-16 kernel: [    0.000000] ACPI: LAPIC_NMI (acpi_id[0x0d] high edge lint[0x1])
Jun  8 20:33:36 sim-16 kernel: [    0.000000] ACPI: LAPIC_NMI (acpi_id[0x0f] high edge lint[0x1])
Jun  8 20:33:36 sim-16 kernel: [    0.000000] ACPI: LAPIC_NMI (acpi_id[0x11] high edge lint[0x1])
Jun  8 20:33:36 sim-16 kernel: [    0.000000] ACPI: LAPIC_NMI (acpi_id[0x13] high edge lint[0x1])
Jun  8 20:33:36 sim-16 kernel: [    0.000000] ACPI: LAPIC_NMI (acpi_id[0x15] high edge lint[0x1])
Jun  8 20:33:36 sim-16 kernel: [    0.000000] ACPI: LAPIC_NMI (acpi_id[0x17] high edge lint[0x1])
Jun  8 20:33:36 sim-16 kernel: [    0.000000] ACPI: LAPIC_NMI (acpi_id[0x19] high edge lint[0x1])
Jun  8 20:33:36 sim-16 kernel: [    0.000000] ACPI: LAPIC_NMI (acpi_id[0x1b] high edge lint[0x1])
Jun  8 20:33:36 sim-16 kernel: [    0.000000] ACPI: LAPIC_NMI (acpi_id[0x1d] high edge lint[0x1])
Jun  8 20:33:36 sim-16 kernel: [    0.000000] ACPI: LAPIC_NMI (acpi_id[0x1f] high edge lint[0x1])
Jun  8 20:33:36 sim-16 kernel: [    0.000000] ACPI: IOAPIC (id[0x00] address[0xfec00000] gsi_base[0])
Jun  8 20:33:36 sim-16 kernel: [    0.000000] IOAPIC[0]: apic_id 0, version 32, address 0xfec00000, GSI 0-23
Jun  8 20:33:36 sim-16 kernel: [    0.000000] ACPI: IOAPIC (id[0x02] address[0xfec01000] gsi_base[24])
Jun  8 20:33:36 sim-16 kernel: [    0.000000] IOAPIC[1]: apic_id 2, version 32, address 0xfec01000, GSI 24-47
Jun  8 20:33:36 sim-16 kernel: [    0.000000] ACPI: IOAPIC (id[0x03] address[0xfec40000] gsi_base[48])
Jun  8 20:33:36 sim-16 kernel: [    0.000000] IOAPIC[2]: apic_id 3, version 32, address 0xfec40000, GSI 48-71
Jun  8 20:33:36 sim-16 kernel: [    0.000000] ACPI: INT_SRC_OVR (bus 0 bus_irq 0 global_irq 2 dfl dfl)
Jun  8 20:33:36 sim-16 kernel: [    0.000000] ACPI: INT_SRC_OVR (bus 0 bus_irq 9 global_irq 9 high level)
Jun  8 20:33:36 sim-16 kernel: [    0.000000] ACPI: IRQ0 used by override.
Jun  8 20:33:36 sim-16 kernel: [    0.000000] ACPI: IRQ2 used by override.
Jun  8 20:33:36 sim-16 kernel: [    0.000000] ACPI: IRQ9 used by override.
Jun  8 20:33:36 sim-16 kernel: [    0.000000] Using ACPI (MADT) for SMP configuration information
Jun  8 20:33:36 sim-16 kernel: [    0.000000] ACPI: HPET id: 0x8086a701 base: 0xfed00000
Jun  8 20:33:36 sim-16 kernel: [    0.000000] SMP: Allowing 32 CPUs, 0 hotplug CPUs
Jun  8 20:33:36 sim-16 kernel: [    0.000000] nr_irqs_gsi: 88
Jun  8 20:33:36 sim-16 kernel: [    0.000000] PM: Registered nosave memory: 0000000000098000 - 0000000000099000
Jun  8 20:33:36 sim-16 kernel: [    0.000000] PM: Registered nosave memory: 0000000000099000 - 00000000000a0000
Jun  8 20:33:36 sim-16 kernel: [    0.000000] PM: Registered nosave memory: 00000000000a0000 - 00000000000e0000
Jun  8 20:33:36 sim-16 kernel: [    0.000000] PM: Registered nosave memory: 00000000000e0000 - 0000000000100000
Jun  8 20:33:36 sim-16 kernel: [    0.000000] PM: Registered nosave memory: 000000007df99000 - 000000007dfd1000
Jun  8 20:33:36 sim-16 kernel: [    0.000000] PM: Registered nosave memory: 000000007dfd1000 - 000000007e289000
Jun  8 20:33:36 sim-16 kernel: [    0.000000] PM: Registered nosave memory: 000000007e289000 - 000000007f365000
Jun  8 20:33:36 sim-16 kernel: [    0.000000] PM: Registered nosave memory: 000000007f365000 - 000000007f800000
Jun  8 20:33:36 sim-16 kernel: [    0.000000] PM: Registered nosave memory: 000000007f800000 - 0000000080000000
Jun  8 20:33:36 sim-16 kernel: [    0.000000] PM: Registered nosave memory: 0000000080000000 - 0000000090000000
Jun  8 20:33:36 sim-16 kernel: [    0.000000] PM: Registered nosave memory: 0000000090000000 - 00000000fed1c000
Jun  8 20:33:36 sim-16 kernel: [    0.000000] PM: Registered nosave memory: 00000000fed1c000 - 00000000fed40000
Jun  8 20:33:36 sim-16 kernel: [    0.000000] PM: Registered nosave memory: 00000000fed40000 - 00000000ff000000
Jun  8 20:33:36 sim-16 kernel: [    0.000000] PM: Registered nosave memory: 00000000ff000000 - 0000000100000000
Jun  8 20:33:36 sim-16 kernel: [    0.000000] Allocating PCI resources starting at 90000000 (gap: 90000000:6ed1c000)
Jun  8 20:33:36 sim-16 kernel: [    0.000000] Booting paravirtualized kernel on bare hardware
Jun  8 20:33:36 sim-16 kernel: [    0.000000] setup_percpu: NR_CPUS:256 nr_cpumask_bits:256 nr_cpu_ids:32 nr_node_ids:2
Jun  8 20:33:36 sim-16 kernel: [    0.000000] PERCPU: Embedded 28 pages/cpu @ffff88046fc00000 s83072 r8192 d23424 u131072
Jun  8 20:33:36 sim-16 kernel: [    0.000000] pcpu-alloc: s83072 r8192 d23424 u131072 alloc=1*2097152
Jun  8 20:33:36 sim-16 kernel: [    0.000000] pcpu-alloc: [0] 00 01 02 03 04 05 06 07 16 17 18 19 20 21 22 23 
Jun  8 20:33:36 sim-16 kernel: [    0.000000] pcpu-alloc: [1] 08 09 10 11 12 13 14 15 24 25 26 27 28 29 30 31 
Jun  8 20:33:36 sim-16 kernel: [    0.000000] Built 2 zonelists in Zone order, mobility grouping on.  Total pages: 8240924
Jun  8 20:33:36 sim-16 kernel: [    0.000000] Policy zone: Normal
Jun  8 20:33:36 sim-16 kernel: [    0.000000] Kernel command line: BOOT_IMAGE=/vmlinuz-3.2.0-23-generic root=UUID=a5c3ce9f-9010-4ab7-84c1-a7d301f17daa ro BOOTIF=01-00-25-90-c0-bf-e6 quiet splash vt.handoff=7
Jun  8 20:33:36 sim-16 kernel: [    0.000000] PID hash table entries: 4096 (order: 3, 32768 bytes)
Jun  8 20:33:36 sim-16 kernel: [    0.000000] xsave/xrstor: enabled xstate_bv 0x7, cntxt size 0x340
Jun  8 20:33:36 sim-16 kernel: [    0.000000] Checking aperture...
Jun  8 20:33:36 sim-16 kernel: [    0.000000] No AGP bridge found
Jun  8 20:33:36 sim-16 kernel: [    0.000000] Calgary: detecting Calgary via BIOS EBDA area
Jun  8 20:33:36 sim-16 kernel: [    0.000000] Calgary: Unable to locate Rio Grande table in EBDA - bailing!
Jun  8 20:33:36 sim-16 kernel: [    0.000000] Memory: 32897056k/35651584k available (6566k kernel code, 2130812k absent, 623716k reserved, 6637k data, 920k init)
Jun  8 20:33:36 sim-16 kernel: [    0.000000] SLUB: Genslabs=15, HWalign=64, Order=0-3, MinObjects=0, CPUs=32, Nodes=2
Jun  8 20:33:36 sim-16 kernel: [    0.000000] Hierarchical RCU implementation.
Jun  8 20:33:36 sim-16 kernel: [    0.000000] 	RCU dyntick-idle grace-period acceleration is enabled.
Jun  8 20:33:36 sim-16 kernel: [    0.000000] NR_IRQS:16640 nr_irqs:1752 16
Jun  8 20:33:36 sim-16 kernel: [    0.000000] Extended CMOS year: 2000
Jun  8 20:33:36 sim-16 kernel: [    0.000000] vt handoff: transparent VT on vt#7
Jun  8 20:33:36 sim-16 kernel: [    0.000000] Console: colour dummy device 80x25
Jun  8 20:33:36 sim-16 kernel: [    0.000000] console [tty0] enabled
Jun  8 20:33:36 sim-16 kernel: [    0.000000] allocated 268435456 bytes of page_cgroup
Jun  8 20:33:36 sim-16 kernel: [    0.000000] please try 'cgroup_disable=memory' option if you don't want memory cgroups
Jun  8 20:33:36 sim-16 kernel: [    0.000000] hpet clockevent registered
Jun  8 20:33:36 sim-16 kernel: [    0.000000] Fast TSC calibration using PIT
Jun  8 20:33:36 sim-16 kernel: [    0.004000] Detected 2899.893 MHz processor.
Jun  8 20:33:36 sim-16 kernel: [    0.000010] Calibrating delay loop (skipped), value calculated using timer frequency.. 5799.78 BogoMIPS (lpj=11599572)
Jun  8 20:33:36 sim-16 kernel: [    0.000013] pid_max: default: 32768 minimum: 301
Jun  8 20:33:36 sim-16 kernel: [    0.000076] Security Framework initialized
Jun  8 20:33:36 sim-16 kernel: [    0.000086] AppArmor: AppArmor initialized
Jun  8 20:33:36 sim-16 kernel: [    0.000087] Yama: becoming mindful.
Jun  8 20:33:36 sim-16 kernel: [    0.002374] Dentry cache hash table entries: 4194304 (order: 13, 33554432 bytes)
Jun  8 20:33:36 sim-16 kernel: [    0.008122] Inode-cache hash table entries: 2097152 (order: 12, 16777216 bytes)
Jun  8 20:33:36 sim-16 kernel: [    0.010441] Mount-cache hash table entries: 256
Jun  8 20:33:36 sim-16 kernel: [    0.010632] Initializing cgroup subsys cpuacct
Jun  8 20:33:36 sim-16 kernel: [    0.010643] Initializing cgroup subsys memory
Jun  8 20:33:36 sim-16 kernel: [    0.010667] Initializing cgroup subsys devices
Jun  8 20:33:36 sim-16 kernel: [    0.010668] Initializing cgroup subsys freezer
Jun  8 20:33:36 sim-16 kernel: [    0.010670] Initializing cgroup subsys blkio
Jun  8 20:33:36 sim-16 kernel: [    0.010676] Initializing cgroup subsys perf_event
Jun  8 20:33:36 sim-16 kernel: [    0.010714] CPU: Physical Processor ID: 0
Jun  8 20:33:36 sim-16 kernel: [    0.010715] CPU: Processor Core ID: 0
Jun  8 20:33:36 sim-16 kernel: [    0.010719] ENERGY_PERF_BIAS: Set to 'normal', was 'performance'
Jun  8 20:33:36 sim-16 kernel: [    0.010719] ENERGY_PERF_BIAS: View and update with x86_energy_perf_policy(8)
Jun  8 20:33:36 sim-16 kernel: [    0.010722] mce: CPU supports 20 MCE banks
Jun  8 20:33:36 sim-16 kernel: [    0.010746] CPU0: Thermal monitoring enabled (TM1)
Jun  8 20:33:36 sim-16 kernel: [    0.010761] using mwait in idle threads.
Jun  8 20:33:36 sim-16 kernel: [    0.012846] ACPI: Core revision 20110623
Jun  8 20:33:36 sim-16 kernel: [    0.026322] ftrace: allocating 27049 entries in 107 pages
Jun  8 20:33:36 sim-16 kernel: [    0.034672] DMAR: Host address width 46
Jun  8 20:33:36 sim-16 kernel: [    0.034674] DMAR: DRHD base: 0x000000fbffe000 flags: 0x0
Jun  8 20:33:36 sim-16 kernel: [    0.034682] IOMMU 0: reg_base_addr fbffe000 ver 1:0 cap d2078c106f0462 ecap f020fe
Jun  8 20:33:36 sim-16 kernel: [    0.034683] DMAR: DRHD base: 0x000000bfffc000 flags: 0x1
Jun  8 20:33:36 sim-16 kernel: [    0.034689] IOMMU 1: reg_base_addr bfffc000 ver 1:0 cap d2078c106f0462 ecap f020fe
Jun  8 20:33:36 sim-16 kernel: [    0.034690] DMAR: RMRR base: 0x0000007dfab000 end: 0x0000007dfb7fff
Jun  8 20:33:36 sim-16 kernel: [    0.034692] DMAR: ATSR flags: 0x0
Jun  8 20:33:36 sim-16 kernel: [    0.034693] DMAR: RHSA base: 0x000000fbffe000 proximity domain: 0x1
Jun  8 20:33:36 sim-16 kernel: [    0.034694] DMAR: RHSA base: 0x000000bfffc000 proximity domain: 0x0
Jun  8 20:33:36 sim-16 kernel: [    0.034812] IOAPIC id 3 under DRHD base  0xfbffe000 IOMMU 0
Jun  8 20:33:36 sim-16 kernel: [    0.034814] IOAPIC id 0 under DRHD base  0xbfffc000 IOMMU 1
Jun  8 20:33:36 sim-16 kernel: [    0.034815] IOAPIC id 2 under DRHD base  0xbfffc000 IOMMU 1
Jun  8 20:33:36 sim-16 kernel: [    0.034816] HPET id 0 under DRHD base 0xbfffc000
Jun  8 20:33:36 sim-16 kernel: [    0.035207] Enabled IRQ remapping in x2apic mode
Jun  8 20:33:36 sim-16 kernel: [    0.035208] Enabling x2apic
Jun  8 20:33:36 sim-16 kernel: [    0.035209] Enabled x2apic
Jun  8 20:33:36 sim-16 kernel: [    0.035213] Switched APIC routing to cluster x2apic.
Jun  8 20:33:36 sim-16 kernel: [    0.035844] ..TIMER: vector=0x30 apic1=0 pin1=2 apic2=-1 pin2=-1
Jun  8 20:33:36 sim-16 kernel: [    0.075514] CPU0: Intel(R) Xeon(R) CPU E5-2690 0 @ 2.90GHz stepping 07
Jun  8 20:33:36 sim-16 kernel: [    0.180959] Performance Events: PEBS fmt1+, SandyBridge events, Intel PMU driver.
Jun  8 20:33:36 sim-16 kernel: [    0.180964] ... version:                3
Jun  8 20:33:36 sim-16 kernel: [    0.180965] ... bit width:              48
Jun  8 20:33:36 sim-16 kernel: [    0.180966] ... generic registers:      4
Jun  8 20:33:36 sim-16 kernel: [    0.180967] ... value mask:             0000ffffffffffff
Jun  8 20:33:36 sim-16 kernel: [    0.180968] ... max period:             000000007fffffff
Jun  8 20:33:36 sim-16 kernel: [    0.180969] ... fixed-purpose events:   3
Jun  8 20:33:36 sim-16 kernel: [    0.180970] ... event mask:             000000070000000f
Jun  8 20:33:36 sim-16 kernel: [    0.181533] NMI watchdog enabled, takes one hw-pmu counter.
Jun  8 20:33:36 sim-16 kernel: [    0.181599] Booting Node   0, Processors  #1
Jun  8 20:33:36 sim-16 kernel: [    0.181601] smpboot cpu 1: start_ip = 93000
Jun  8 20:33:36 sim-16 kernel: [    0.293121] NMI watchdog enabled, takes one hw-pmu counter.
Jun  8 20:33:36 sim-16 kernel: [    0.293211]  #2
Jun  8 20:33:36 sim-16 kernel: [    0.293212] smpboot cpu 2: start_ip = 93000
Jun  8 20:33:36 sim-16 kernel: [    0.401051] NMI watchdog enabled, takes one hw-pmu counter.
Jun  8 20:33:36 sim-16 kernel: [    0.401128]  #3
Jun  8 20:33:36 sim-16 kernel: [    0.401130] smpboot cpu 3: start_ip = 93000
Jun  8 20:33:36 sim-16 kernel: [    0.508968] NMI watchdog enabled, takes one hw-pmu counter.
Jun  8 20:33:36 sim-16 kernel: [    0.509046]  #4
Jun  8 20:33:36 sim-16 kernel: [    0.509047] smpboot cpu 4: start_ip = 93000
Jun  8 20:33:36 sim-16 kernel: [    0.616984] NMI watchdog enabled, takes one hw-pmu counter.
Jun  8 20:33:36 sim-16 kernel: [    0.617077]  #5
Jun  8 20:33:36 sim-16 kernel: [    0.617078] smpboot cpu 5: start_ip = 93000
Jun  8 20:33:36 sim-16 kernel: [    0.724916] NMI watchdog enabled, takes one hw-pmu counter.
Jun  8 20:33:36 sim-16 kernel: [    0.724995]  #6
Jun  8 20:33:36 sim-16 kernel: [    0.724996] smpboot cpu 6: start_ip = 93000
Jun  8 20:33:36 sim-16 kernel: [    0.832934] NMI watchdog enabled, takes one hw-pmu counter.
Jun  8 20:33:36 sim-16 kernel: [    0.833011]  #7
Jun  8 20:33:36 sim-16 kernel: [    0.833012] smpboot cpu 7: start_ip = 93000
Jun  8 20:33:36 sim-16 kernel: [    0.940850] NMI watchdog enabled, takes one hw-pmu counter.
Jun  8 20:33:36 sim-16 kernel: [    0.940952]  Ok.
Jun  8 20:33:36 sim-16 kernel: [    0.940953] Booting Node   1, Processors  #8
Jun  8 20:33:36 sim-16 kernel: [    0.940954] smpboot cpu 8: start_ip = 93000
Jun  8 20:33:36 sim-16 kernel: [    1.048782] NMI watchdog enabled, takes one hw-pmu counter.
Jun  8 20:33:36 sim-16 kernel: [    1.048846]  #9
Jun  8 20:33:36 sim-16 kernel: [    1.048847] smpboot cpu 9: start_ip = 93000
Jun  8 20:33:36 sim-16 kernel: [    1.156775] NMI watchdog enabled, takes one hw-pmu counter.
Jun  8 20:33:36 sim-16 kernel: [    1.156842]  #10
Jun  8 20:33:36 sim-16 kernel: [    1.156843] smpboot cpu 10: start_ip = 93000
Jun  8 20:33:36 sim-16 kernel: [    1.264772] NMI watchdog enabled, takes one hw-pmu counter.
Jun  8 20:33:36 sim-16 kernel: [    1.264837]  #11
Jun  8 20:33:36 sim-16 kernel: [    1.264838] smpboot cpu 11: start_ip = 93000
Jun  8 20:33:36 sim-16 kernel: [    1.372770] NMI watchdog enabled, takes one hw-pmu counter.
Jun  8 20:33:36 sim-16 kernel: [    1.372833]  #12
Jun  8 20:33:36 sim-16 kernel: [    1.372834] smpboot cpu 12: start_ip = 93000
Jun  8 20:33:36 sim-16 kernel: [    1.480661] NMI watchdog enabled, takes one hw-pmu counter.
Jun  8 20:33:36 sim-16 kernel: [    1.480730]  #13
Jun  8 20:33:36 sim-16 kernel: [    1.480731] smpboot cpu 13: start_ip = 93000
Jun  8 20:33:36 sim-16 kernel: [    1.588659] NMI watchdog enabled, takes one hw-pmu counter.
Jun  8 20:33:36 sim-16 kernel: [    1.588728]  #14
Jun  8 20:33:36 sim-16 kernel: [    1.588729] smpboot cpu 14: start_ip = 93000
Jun  8 20:33:36 sim-16 kernel: [    1.696660] NMI watchdog enabled, takes one hw-pmu counter.
Jun  8 20:33:36 sim-16 kernel: [    1.696725]  #15
Jun  8 20:33:36 sim-16 kernel: [    1.696726] smpboot cpu 15: start_ip = 93000
Jun  8 20:33:36 sim-16 kernel: [    1.804555] NMI watchdog enabled, takes one hw-pmu counter.
Jun  8 20:33:36 sim-16 kernel: [    1.804622]  Ok.
Jun  8 20:33:36 sim-16 kernel: [    1.804623] Booting Node   0, Processors  #16
Jun  8 20:33:36 sim-16 kernel: [    1.804625] smpboot cpu 16: start_ip = 93000
Jun  8 20:33:36 sim-16 kernel: [    1.912534] NMI watchdog enabled, takes one hw-pmu counter.
Jun  8 20:33:36 sim-16 kernel: [    1.912623]  #17
Jun  8 20:33:36 sim-16 kernel: [    1.912624] smpboot cpu 17: start_ip = 93000
Jun  8 20:33:36 sim-16 kernel: [    2.020464] NMI watchdog enabled, takes one hw-pmu counter.
Jun  8 20:33:36 sim-16 kernel: [    2.020550]  #18
Jun  8 20:33:36 sim-16 kernel: [    2.020551] smpboot cpu 18: start_ip = 93000
Jun  8 20:33:36 sim-16 kernel: [    2.128482] NMI watchdog enabled, takes one hw-pmu counter.
Jun  8 20:33:36 sim-16 kernel: [    2.128561]  #19
Jun  8 20:33:36 sim-16 kernel: [    2.128562] smpboot cpu 19: start_ip = 93000
Jun  8 20:33:36 sim-16 kernel: [    2.236395] NMI watchdog enabled, takes one hw-pmu counter.
Jun  8 20:33:36 sim-16 kernel: [    2.236476]  #20
Jun  8 20:33:36 sim-16 kernel: [    2.236477] smpboot cpu 20: start_ip = 93000
Jun  8 20:33:36 sim-16 kernel: [    2.344408] NMI watchdog enabled, takes one hw-pmu counter.
Jun  8 20:33:36 sim-16 kernel: [    2.344495]  #21
Jun  8 20:33:36 sim-16 kernel: [    2.344496] smpboot cpu 21: start_ip = 93000
Jun  8 20:33:36 sim-16 kernel: [    2.452328] NMI watchdog enabled, takes one hw-pmu counter.
Jun  8 20:33:36 sim-16 kernel: [    2.452411]  #22
Jun  8 20:33:36 sim-16 kernel: [    2.452412] smpboot cpu 22: start_ip = 93000
Jun  8 20:33:36 sim-16 kernel: [    2.560347] NMI watchdog enabled, takes one hw-pmu counter.
Jun  8 20:33:36 sim-16 kernel: [    2.560431]  #23
Jun  8 20:33:36 sim-16 kernel: [    2.560432] smpboot cpu 23: start_ip = 93000
Jun  8 20:33:36 sim-16 kernel: [    2.668264] NMI watchdog enabled, takes one hw-pmu counter.
Jun  8 20:33:36 sim-16 kernel: [    2.668362]  Ok.
Jun  8 20:33:36 sim-16 kernel: [    2.668363] Booting Node   1, Processors  #24
Jun  8 20:33:36 sim-16 kernel: [    2.668365] smpboot cpu 24: start_ip = 93000
Jun  8 20:33:36 sim-16 kernel: [    2.776290] NMI watchdog enabled, takes one hw-pmu counter.
Jun  8 20:33:36 sim-16 kernel: [    2.776354]  #25
Jun  8 20:33:36 sim-16 kernel: [    2.776355] smpboot cpu 25: start_ip = 93000
Jun  8 20:33:36 sim-16 kernel: [    2.884186] NMI watchdog enabled, takes one hw-pmu counter.
Jun  8 20:33:36 sim-16 kernel: [    2.884260]  #26
Jun  8 20:33:36 sim-16 kernel: [    2.884261] smpboot cpu 26: start_ip = 93000
Jun  8 20:33:36 sim-16 kernel: [    2.992192] NMI watchdog enabled, takes one hw-pmu counter.
Jun  8 20:33:36 sim-16 kernel: [    2.992261]  #27
Jun  8 20:33:36 sim-16 kernel: [    2.992262] smpboot cpu 27: start_ip = 93000
Jun  8 20:33:36 sim-16 kernel: [    3.100196] NMI watchdog enabled, takes one hw-pmu counter.
Jun  8 20:33:36 sim-16 kernel: [    3.100272]  #28
Jun  8 20:33:36 sim-16 kernel: [    3.100273] smpboot cpu 28: start_ip = 93000
Jun  8 20:33:36 sim-16 kernel: [    3.208113] NMI watchdog enabled, takes one hw-pmu counter.
Jun  8 20:33:36 sim-16 kernel: [    3.208183]  #29
Jun  8 20:33:36 sim-16 kernel: [    3.208184] smpboot cpu 29: start_ip = 93000
Jun  8 20:33:36 sim-16 kernel: [    3.316115] NMI watchdog enabled, takes one hw-pmu counter.
Jun  8 20:33:36 sim-16 kernel: [    3.316178]  #30
Jun  8 20:33:36 sim-16 kernel: [    3.316179] smpboot cpu 30: start_ip = 93000
Jun  8 20:33:36 sim-16 kernel: [    3.424015] NMI watchdog enabled, takes one hw-pmu counter.
Jun  8 20:33:36 sim-16 kernel: [    3.424079]  #31 Ok.
Jun  8 20:33:36 sim-16 kernel: [    3.424080] smpboot cpu 31: start_ip = 93000
Jun  8 20:33:36 sim-16 kernel: [    3.532012] NMI watchdog enabled, takes one hw-pmu counter.
Jun  8 20:33:36 sim-16 kernel: [    3.532034] Brought up 32 CPUs
Jun  8 20:33:36 sim-16 kernel: [    3.532036] Total of 32 processors activated (185595.61 BogoMIPS).
Jun  8 20:33:36 sim-16 kernel: [    3.587633] devtmpfs: initialized
Jun  8 20:33:36 sim-16 kernel: [    3.589302] EVM: security.selinux
Jun  8 20:33:36 sim-16 kernel: [    3.589303] EVM: security.SMACK64
Jun  8 20:33:36 sim-16 kernel: [    3.589304] EVM: security.capability
Jun  8 20:33:36 sim-16 kernel: [    3.589344] PM: Registering ACPI NVS region at 7dfd1000 (2850816 bytes)
Jun  8 20:33:36 sim-16 kernel: [    3.589385] PM: Registering ACPI NVS region at 7f365000 (4829184 bytes)
Jun  8 20:33:36 sim-16 kernel: [    3.590095] print_constraints: dummy: 
Jun  8 20:33:36 sim-16 kernel: [    3.590125] RTC time: 20:33:31, date: 06/08/13
Jun  8 20:33:36 sim-16 kernel: [    3.590176] NET: Registered protocol family 16
Jun  8 20:33:36 sim-16 kernel: [    3.590279] ACPI FADT declares the system doesn't support PCIe ASPM, so disable it
Jun  8 20:33:36 sim-16 kernel: [    3.590281] ACPI: bus type pci registered
Jun  8 20:33:36 sim-16 kernel: [    3.590288] Trying to unpack rootfs image as initramfs...
Jun  8 20:33:36 sim-16 kernel: [    3.590341] PCI: MMCONFIG for domain 0000 [bus 00-ff] at [mem 0x80000000-0x8fffffff] (base 0x80000000)
Jun  8 20:33:36 sim-16 kernel: [    3.590344] PCI: MMCONFIG at [mem 0x80000000-0x8fffffff] reserved in E820
Jun  8 20:33:36 sim-16 kernel: [    3.619216] PCI: Using configuration type 1 for base access
Jun  8 20:33:36 sim-16 kernel: [    3.620385] bio: create slab <bio-0> at 0
Jun  8 20:33:36 sim-16 kernel: [    3.620494] ACPI: Added _OSI(Module Device)
Jun  8 20:33:36 sim-16 kernel: [    3.620496] ACPI: Added _OSI(Processor Device)
Jun  8 20:33:36 sim-16 kernel: [    3.620497] ACPI: Added _OSI(3.0 _SCP Extensions)
Jun  8 20:33:36 sim-16 kernel: [    3.620499] ACPI: Added _OSI(Processor Aggregator Device)
Jun  8 20:33:36 sim-16 kernel: [    3.624352] ACPI: EC: Look up EC in DSDT
Jun  8 20:33:36 sim-16 kernel: [    3.628348] ACPI: Executed 1 blocks of module-level executable AML code
Jun  8 20:33:36 sim-16 kernel: [    3.841210] ACPI: Dynamic OEM Table Load:
Jun  8 20:33:36 sim-16 kernel: [    3.841214] ACPI: PRAD           (null) 000BE (v02 PRADID  PRADTID 00000001 MSFT 04000000)
Jun  8 20:33:36 sim-16 kernel: [    3.844017] ACPI: Interpreter enabled
Jun  8 20:33:36 sim-16 kernel: [    3.844020] ACPI: (supports S0 S4 S5)
Jun  8 20:33:36 sim-16 kernel: [    3.844031] ACPI: Using IOAPIC for interrupt routing
Jun  8 20:33:36 sim-16 kernel: [    3.844932] [Firmware Bug]: ACPI: BIOS _OSI(Linux) query ignored
Jun  8 20:33:36 sim-16 kernel: [    3.850461] ACPI: No dock devices found.
Jun  8 20:33:36 sim-16 kernel: [    3.850487] HEST: Table parsing has been initialized.
Jun  8 20:33:36 sim-16 kernel: [    3.850490] PCI: Using host bridge windows from ACPI; if necessary, use "pci=nocrs" and report a bug
Jun  8 20:33:36 sim-16 kernel: [    3.860085] ACPI: PCI Root Bridge [PCI0] (domain 0000 [bus 00-7e])
Jun  8 20:33:36 sim-16 kernel: [    3.860277] pci_root PNP0A08:00: host bridge window [io  0x0000-0x03af]
Jun  8 20:33:36 sim-16 kernel: [    3.860279] pci_root PNP0A08:00: host bridge window [io  0x03e0-0x0cf7]
Jun  8 20:33:36 sim-16 kernel: [    3.860280] pci_root PNP0A08:00: host bridge window [io  0x03b0-0x03df]
Jun  8 20:33:36 sim-16 kernel: [    3.860282] pci_root PNP0A08:00: host bridge window [io  0x0d00-0x9fff]
Jun  8 20:33:36 sim-16 kernel: [    3.860284] pci_root PNP0A08:00: host bridge window [mem 0x000a0000-0x000bffff]
Jun  8 20:33:36 sim-16 kernel: [    3.860285] pci_root PNP0A08:00: host bridge window [mem 0x000c0000-0x000dffff]
Jun  8 20:33:36 sim-16 kernel: [    3.860287] pci_root PNP0A08:00: host bridge window [mem 0xfed08000-0xfed08fff]
Jun  8 20:33:36 sim-16 kernel: [    3.860288] pci_root PNP0A08:00: host bridge window [mem 0xfed0e000-0xfed0ffff]
Jun  8 20:33:36 sim-16 kernel: [    3.860290] pci_root PNP0A08:00: host bridge window [mem 0x80000000-0xbfffffff]
Jun  8 20:33:36 sim-16 kernel: [    3.860305] pci 0000:00:00.0: [8086:3c00] type 0 class 0x000600
Jun  8 20:33:36 sim-16 kernel: [    3.860357] pci 0000:00:00.0: PME# supported from D0 D3hot D3cold
Jun  8 20:33:36 sim-16 kernel: [    3.860360] pci 0000:00:00.0: PME# disabled
Jun  8 20:33:36 sim-16 kernel: [    3.860383] pci 0000:00:01.0: [8086:3c02] type 1 class 0x000604
Jun  8 20:33:36 sim-16 kernel: [    3.860443] pci 0000:00:01.0: PME# supported from D0 D3hot D3cold
Jun  8 20:33:36 sim-16 kernel: [    3.860445] pci 0000:00:01.0: PME# disabled
Jun  8 20:33:36 sim-16 kernel: [    3.860469] pci 0000:00:01.1: [8086:3c03] type 1 class 0x000604
Jun  8 20:33:36 sim-16 kernel: [    3.860527] pci 0000:00:01.1: PME# supported from D0 D3hot D3cold
Jun  8 20:33:36 sim-16 kernel: [    3.860530] pci 0000:00:01.1: PME# disabled
Jun  8 20:33:36 sim-16 kernel: [    3.860558] pci 0000:00:02.0: [8086:3c04] type 1 class 0x000604
Jun  8 20:33:36 sim-16 kernel: [    3.860617] pci 0000:00:02.0: PME# supported from D0 D3hot D3cold
Jun  8 20:33:36 sim-16 kernel: [    3.860620] pci 0000:00:02.0: PME# disabled
Jun  8 20:33:36 sim-16 kernel: [    3.860648] pci 0000:00:03.0: [8086:3c08] type 1 class 0x000604
Jun  8 20:33:36 sim-16 kernel: [    3.860707] pci 0000:00:03.0: PME# supported from D0 D3hot D3cold
Jun  8 20:33:36 sim-16 kernel: [    3.860710] pci 0000:00:03.0: PME# disabled
Jun  8 20:33:36 sim-16 kernel: [    3.860735] pci 0000:00:04.0: [8086:3c20] type 0 class 0x000880
Jun  8 20:33:36 sim-16 kernel: [    3.860748] pci 0000:00:04.0: reg 10: [mem 0xbfc1c000-0xbfc1ffff 64bit]
Jun  8 20:33:36 sim-16 kernel: [    3.860820] pci 0000:00:04.1: [8086:3c21] type 0 class 0x000880
Jun  8 20:33:36 sim-16 kernel: [    3.860832] pci 0000:00:04.1: reg 10: [mem 0xbfc18000-0xbfc1bfff 64bit]
Jun  8 20:33:36 sim-16 kernel: [    3.860903] pci 0000:00:04.2: [8086:3c22] type 0 class 0x000880
Jun  8 20:33:36 sim-16 kernel: [    3.860915] pci 0000:00:04.2: reg 10: [mem 0xbfc14000-0xbfc17fff 64bit]
Jun  8 20:33:36 sim-16 kernel: [    3.860989] pci 0000:00:04.3: [8086:3c23] type 0 class 0x000880
Jun  8 20:33:36 sim-16 kernel: [    3.861002] pci 0000:00:04.3: reg 10: [mem 0xbfc10000-0xbfc13fff 64bit]
Jun  8 20:33:36 sim-16 kernel: [    3.861073] pci 0000:00:04.4: [8086:3c24] type 0 class 0x000880
Jun  8 20:33:36 sim-16 kernel: [    3.861085] pci 0000:00:04.4: reg 10: [mem 0xbfc0c000-0xbfc0ffff 64bit]
Jun  8 20:33:36 sim-16 kernel: [    3.861157] pci 0000:00:04.5: [8086:3c25] type 0 class 0x000880
Jun  8 20:33:36 sim-16 kernel: [    3.861169] pci 0000:00:04.5: reg 10: [mem 0xbfc08000-0xbfc0bfff 64bit]
Jun  8 20:33:36 sim-16 kernel: [    3.861241] pci 0000:00:04.6: [8086:3c26] type 0 class 0x000880
Jun  8 20:33:36 sim-16 kernel: [    3.861253] pci 0000:00:04.6: reg 10: [mem 0xbfc04000-0xbfc07fff 64bit]
Jun  8 20:33:36 sim-16 kernel: [    3.861324] pci 0000:00:04.7: [8086:3c27] type 0 class 0x000880
Jun  8 20:33:36 sim-16 kernel: [    3.861336] pci 0000:00:04.7: reg 10: [mem 0xbfc00000-0xbfc03fff 64bit]
Jun  8 20:33:36 sim-16 kernel: [    3.861406] pci 0000:00:05.0: [8086:3c28] type 0 class 0x000880
Jun  8 20:33:36 sim-16 kernel: [    3.861476] pci 0000:00:05.2: [8086:3c2a] type 0 class 0x000880
Jun  8 20:33:36 sim-16 kernel: [    3.861544] pci 0000:00:05.4: [8086:3c2c] type 0 class 0x000800
Jun  8 20:33:36 sim-16 kernel: [    3.861555] pci 0000:00:05.4: reg 10: [mem 0xbfc24000-0xbfc24fff]
Jun  8 20:33:36 sim-16 kernel: [    3.861629] pci 0000:00:11.0: [8086:1d3e] type 1 class 0x000604
Jun  8 20:33:36 sim-16 kernel: [    3.861719] pci 0000:00:11.0: PME# supported from D0 D3hot D3cold
Jun  8 20:33:36 sim-16 kernel: [    3.861722] pci 0000:00:11.0: PME# disabled
Jun  8 20:33:36 sim-16 kernel: [    3.861751] pci 0000:00:16.0: [8086:1d3a] type 0 class 0x000780
Jun  8 20:33:36 sim-16 kernel: [    3.861769] pci 0000:00:16.0: reg 10: [mem 0xfed0e000-0xfed0e00f 64bit]
Jun  8 20:33:36 sim-16 kernel: [    3.861828] pci 0000:00:16.0: PME# supported from D0 D3hot D3cold
Jun  8 20:33:36 sim-16 kernel: [    3.861831] pci 0000:00:16.0: PME# disabled
Jun  8 20:33:36 sim-16 kernel: [    3.861848] pci 0000:00:16.1: [8086:1d3b] type 0 class 0x000780
Jun  8 20:33:36 sim-16 kernel: [    3.861866] pci 0000:00:16.1: reg 10: [mem 0xfed0f000-0xfed0f00f 64bit]
Jun  8 20:33:36 sim-16 kernel: [    3.861926] pci 0000:00:16.1: PME# supported from D0 D3hot D3cold
Jun  8 20:33:36 sim-16 kernel: [    3.861929] pci 0000:00:16.1: PME# disabled
Jun  8 20:33:36 sim-16 kernel: [    3.861957] pci 0000:00:1a.0: [8086:1d2d] type 0 class 0x000c03
Jun  8 20:33:36 sim-16 kernel: [    3.861976] pci 0000:00:1a.0: reg 10: [mem 0xbfc22000-0xbfc223ff]
Jun  8 20:33:36 sim-16 kernel: [    3.862061] pci 0000:00:1a.0: PME# supported from D0 D3hot D3cold
Jun  8 20:33:36 sim-16 kernel: [    3.862065] pci 0000:00:1a.0: PME# disabled
Jun  8 20:33:36 sim-16 kernel: [    3.862084] pci 0000:00:1c.0: [8086:1d10] type 1 class 0x000604
Jun  8 20:33:36 sim-16 kernel: [    3.862159] pci 0000:00:1c.0: PME# supported from D0 D3hot D3cold
Jun  8 20:33:36 sim-16 kernel: [    3.862162] pci 0000:00:1c.0: PME# disabled
Jun  8 20:33:36 sim-16 kernel: [    3.862194] pci 0000:00:1d.0: [8086:1d26] type 0 class 0x000c03
Jun  8 20:33:36 sim-16 kernel: [    3.862213] pci 0000:00:1d.0: reg 10: [mem 0xbfc21000-0xbfc213ff]
Jun  8 20:33:36 sim-16 kernel: [    3.862298] pci 0000:00:1d.0: PME# supported from D0 D3hot D3cold
Jun  8 20:33:36 sim-16 kernel: [    3.862302] pci 0000:00:1d.0: PME# disabled
Jun  8 20:33:36 sim-16 kernel: [    3.862319] pci 0000:00:1e.0: [8086:244e] type 1 class 0x000604
Jun  8 20:33:36 sim-16 kernel: [    3.862377] pci 0000:00:1f.0: [8086:1d41] type 0 class 0x000601
Jun  8 20:33:36 sim-16 kernel: [    3.862493] pci 0000:00:1f.2: [8086:1d00] type 0 class 0x000101
Jun  8 20:33:36 sim-16 kernel: [    3.862506] pci 0000:00:1f.2: reg 10: [io  0x90b0-0x90b7]
Jun  8 20:33:36 sim-16 kernel: [    3.862513] pci 0000:00:1f.2: reg 14: [io  0x90a0-0x90a3]
Jun  8 20:33:36 sim-16 kernel: [    3.862520] pci 0000:00:1f.2: reg 18: [io  0x9090-0x9097]
Jun  8 20:33:36 sim-16 kernel: [    3.862527] pci 0000:00:1f.2: reg 1c: [io  0x9080-0x9083]
Jun  8 20:33:36 sim-16 kernel: [    3.862534] pci 0000:00:1f.2: reg 20: [io  0x9070-0x907f]
Jun  8 20:33:36 sim-16 kernel: [    3.862541] pci 0000:00:1f.2: reg 24: [io  0x9060-0x906f]
Jun  8 20:33:36 sim-16 kernel: [    3.862583] pci 0000:00:1f.3: [8086:1d22] type 0 class 0x000c05
Jun  8 20:33:36 sim-16 kernel: [    3.862596] pci 0000:00:1f.3: reg 10: [mem 0xbfc20000-0xbfc200ff 64bit]
Jun  8 20:33:36 sim-16 kernel: [    3.862616] pci 0000:00:1f.3: reg 20: [io  0x1180-0x119f]
Jun  8 20:33:36 sim-16 kernel: [    3.862646] pci 0000:00:1f.5: [8086:1d08] type 0 class 0x000101
Jun  8 20:33:36 sim-16 kernel: [    3.862659] pci 0000:00:1f.5: reg 10: [io  0x9050-0x9057]
Jun  8 20:33:36 sim-16 kernel: [    3.862666] pci 0000:00:1f.5: reg 14: [io  0x9040-0x9043]
Jun  8 20:33:36 sim-16 kernel: [    3.862673] pci 0000:00:1f.5: reg 18: [io  0x9030-0x9037]
Jun  8 20:33:36 sim-16 kernel: [    3.862680] pci 0000:00:1f.5: reg 1c: [io  0x9020-0x9023]
Jun  8 20:33:36 sim-16 kernel: [    3.862687] pci 0000:00:1f.5: reg 20: [io  0x9010-0x901f]
Jun  8 20:33:36 sim-16 kernel: [    3.862694] pci 0000:00:1f.5: reg 24: [io  0x9000-0x900f]
Jun  8 20:33:36 sim-16 kernel: [    3.862739] pci 0000:00:1f.6: [8086:1d24] type 0 class 0x001180
Jun  8 20:33:36 sim-16 kernel: [    3.862759] pci 0000:00:1f.6: reg 10: [mem 0xfed08000-0xfed08fff 64bit]
Jun  8 20:33:36 sim-16 kernel: [    3.862859] pci 0000:00:01.0: PCI bridge to [bus 01-01]
Jun  8 20:33:36 sim-16 kernel: [    3.862901] pci 0000:00:01.1: PCI bridge to [bus 02-02]
Jun  8 20:33:36 sim-16 kernel: [    3.862951] pci 0000:03:00.0: [9005:028c] type 0 class 0x000104
Jun  8 20:33:36 sim-16 kernel: [    3.862960] pci 0000:03:00.0: reg 10: [mem 0xbf900000-0xbf9fffff 64bit]
Jun  8 20:33:36 sim-16 kernel: [    3.862968] pci 0000:03:00.0: reg 18: [mem 0xbfa80000-0xbfa803ff 64bit]
Jun  8 20:33:36 sim-16 kernel: [    3.862973] pci 0000:03:00.0: reg 20: [io  0x8000-0x80ff]
Jun  8 20:33:36 sim-16 kernel: [    3.862982] pci 0000:03:00.0: reg 30: [mem 0xbfa00000-0xbfa7ffff pref]
Jun  8 20:33:36 sim-16 kernel: [    3.863005] pci 0000:03:00.0: PME# supported from D0 D1 D3hot
Jun  8 20:33:36 sim-16 kernel: [    3.863008] pci 0000:03:00.0: PME# disabled
Jun  8 20:33:36 sim-16 kernel: [    3.867883] pci 0000:00:02.0: PCI bridge to [bus 03-03]
Jun  8 20:33:36 sim-16 kernel: [    3.867886] pci 0000:00:02.0:   bridge window [io  0x8000-0x8fff]
Jun  8 20:33:36 sim-16 kernel: [    3.867890] pci 0000:00:02.0:   bridge window [mem 0xbf900000-0xbfafffff]
Jun  8 20:33:36 sim-16 kernel: [    3.867929] pci 0000:00:03.0: PCI bridge to [bus 04-04]
Jun  8 20:33:36 sim-16 kernel: [    3.867984] pci 0000:00:11.0: PCI bridge to [bus 05-05]
Jun  8 20:33:36 sim-16 kernel: [    3.868058] pci 0000:06:00.0: [8086:1521] type 0 class 0x000200
Jun  8 20:33:36 sim-16 kernel: [    3.868076] pci 0000:06:00.0: reg 10: [mem 0xbfb60000-0xbfb7ffff]
Jun  8 20:33:36 sim-16 kernel: [    3.868100] pci 0000:06:00.0: reg 18: [io  0x7060-0x707f]
Jun  8 20:33:36 sim-16 kernel: [    3.868113] pci 0000:06:00.0: reg 1c: [mem 0xbfb8c000-0xbfb8ffff]
Jun  8 20:33:36 sim-16 kernel: [    3.868216] pci 0000:06:00.0: PME# supported from D0 D3hot D3cold
Jun  8 20:33:36 sim-16 kernel: [    3.868221] pci 0000:06:00.0: PME# disabled
Jun  8 20:33:36 sim-16 kernel: [    3.868279] pci 0000:06:00.0: reg 184: [mem 0xbe0e0000-0xbe0e3fff 64bit pref]
Jun  8 20:33:36 sim-16 kernel: [    3.868308] pci 0000:06:00.0: reg 190: [mem 0xbe0c0000-0xbe0c3fff 64bit pref]
Jun  8 20:33:36 sim-16 kernel: [    3.868348] pci 0000:06:00.1: [8086:1521] type 0 class 0x000200
Jun  8 20:33:36 sim-16 kernel: [    3.868365] pci 0000:06:00.1: reg 10: [mem 0xbfb40000-0xbfb5ffff]
Jun  8 20:33:36 sim-16 kernel: [    3.868390] pci 0000:06:00.1: reg 18: [io  0x7040-0x705f]
Jun  8 20:33:36 sim-16 kernel: [    3.868403] pci 0000:06:00.1: reg 1c: [mem 0xbfb88000-0xbfb8bfff]
Jun  8 20:33:36 sim-16 kernel: [    3.868506] pci 0000:06:00.1: PME# supported from D0 D3hot D3cold
Jun  8 20:33:36 sim-16 kernel: [    3.868510] pci 0000:06:00.1: PME# disabled
Jun  8 20:33:36 sim-16 kernel: [    3.868562] pci 0000:06:00.1: reg 184: [mem 0xbe0a0000-0xbe0a3fff 64bit pref]
Jun  8 20:33:36 sim-16 kernel: [    3.868591] pci 0000:06:00.1: reg 190: [mem 0xbe080000-0xbe083fff 64bit pref]
Jun  8 20:33:36 sim-16 kernel: [    3.868630] pci 0000:06:00.2: [8086:1521] type 0 class 0x000200
Jun  8 20:33:36 sim-16 kernel: [    3.868648] pci 0000:06:00.2: reg 10: [mem 0xbfb20000-0xbfb3ffff]
Jun  8 20:33:36 sim-16 kernel: [    3.868672] pci 0000:06:00.2: reg 18: [io  0x7020-0x703f]
Jun  8 20:33:36 sim-16 kernel: [    3.868685] pci 0000:06:00.2: reg 1c: [mem 0xbfb84000-0xbfb87fff]
Jun  8 20:33:36 sim-16 kernel: [    3.868788] pci 0000:06:00.2: PME# supported from D0 D3hot D3cold
Jun  8 20:33:36 sim-16 kernel: [    3.868793] pci 0000:06:00.2: PME# disabled
Jun  8 20:33:36 sim-16 kernel: [    3.868845] pci 0000:06:00.2: reg 184: [mem 0xbe060000-0xbe063fff 64bit pref]
Jun  8 20:33:36 sim-16 kernel: [    3.868873] pci 0000:06:00.2: reg 190: [mem 0xbe040000-0xbe043fff 64bit pref]
Jun  8 20:33:36 sim-16 kernel: [    3.868916] pci 0000:06:00.3: [8086:1521] type 0 class 0x000200
Jun  8 20:33:36 sim-16 kernel: [    3.868933] pci 0000:06:00.3: reg 10: [mem 0xbfb00000-0xbfb1ffff]
Jun  8 20:33:36 sim-16 kernel: [    3.868958] pci 0000:06:00.3: reg 18: [io  0x7000-0x701f]
Jun  8 20:33:36 sim-16 kernel: [    3.868970] pci 0000:06:00.3: reg 1c: [mem 0xbfb80000-0xbfb83fff]
Jun  8 20:33:36 sim-16 kernel: [    3.869074] pci 0000:06:00.3: PME# supported from D0 D3hot D3cold
Jun  8 20:33:36 sim-16 kernel: [    3.869078] pci 0000:06:00.3: PME# disabled
Jun  8 20:33:36 sim-16 kernel: [    3.869130] pci 0000:06:00.3: reg 184: [mem 0xbe020000-0xbe023fff 64bit pref]
Jun  8 20:33:36 sim-16 kernel: [    3.869159] pci 0000:06:00.3: reg 190: [mem 0xbe000000-0xbe003fff 64bit pref]
Jun  8 20:33:36 sim-16 kernel: [    3.875889] pci 0000:00:1c.0: PCI bridge to [bus 06-07]
Jun  8 20:33:36 sim-16 kernel: [    3.875892] pci 0000:00:1c.0:   bridge window [io  0x7000-0x7fff]
Jun  8 20:33:36 sim-16 kernel: [    3.875895] pci 0000:00:1c.0:   bridge window [mem 0xbfb00000-0xbfbfffff]
Jun  8 20:33:36 sim-16 kernel: [    3.875901] pci 0000:00:1c.0:   bridge window [mem 0xbe000000-0xbe0fffff 64bit pref]
Jun  8 20:33:36 sim-16 kernel: [    3.875931] pci 0000:08:01.0: [102b:0532] type 0 class 0x000300
Jun  8 20:33:36 sim-16 kernel: [    3.875946] pci 0000:08:01.0: reg 10: [mem 0xbd000000-0xbdffffff pref]
Jun  8 20:33:36 sim-16 kernel: [    3.875955] pci 0000:08:01.0: reg 14: [mem 0xbf800000-0xbf803fff]
Jun  8 20:33:36 sim-16 kernel: [    3.875964] pci 0000:08:01.0: reg 18: [mem 0xbf000000-0xbf7fffff]
Jun  8 20:33:36 sim-16 kernel: [    3.876057] pci 0000:00:1e.0: PCI bridge to [bus 08-08] (subtractive decode)
Jun  8 20:33:36 sim-16 kernel: [    3.876062] pci 0000:00:1e.0:   bridge window [mem 0xbf000000-0xbf8fffff]
Jun  8 20:33:36 sim-16 kernel: [    3.876067] pci 0000:00:1e.0:   bridge window [mem 0xbd000000-0xbdffffff 64bit pref]
Jun  8 20:33:36 sim-16 kernel: [    3.876069] pci 0000:00:1e.0:   bridge window [io  0x0000-0x03af] (subtractive decode)
Jun  8 20:33:36 sim-16 kernel: [    3.876071] pci 0000:00:1e.0:   bridge window [io  0x03e0-0x0cf7] (subtractive decode)
Jun  8 20:33:36 sim-16 kernel: [    3.876072] pci 0000:00:1e.0:   bridge window [io  0x03b0-0x03df] (subtractive decode)
Jun  8 20:33:36 sim-16 kernel: [    3.876074] pci 0000:00:1e.0:   bridge window [io  0x0d00-0x9fff] (subtractive decode)
Jun  8 20:33:36 sim-16 kernel: [    3.876076] pci 0000:00:1e.0:   bridge window [mem 0x000a0000-0x000bffff] (subtractive decode)
Jun  8 20:33:36 sim-16 kernel: [    3.876078] pci 0000:00:1e.0:   bridge window [mem 0x000c0000-0x000dffff] (subtractive decode)
Jun  8 20:33:36 sim-16 kernel: [    3.876079] pci 0000:00:1e.0:   bridge window [mem 0xfed08000-0xfed08fff] (subtractive decode)
Jun  8 20:33:36 sim-16 kernel: [    3.876081] pci 0000:00:1e.0:   bridge window [mem 0xfed0e000-0xfed0ffff] (subtractive decode)
Jun  8 20:33:36 sim-16 kernel: [    3.876083] pci 0000:00:1e.0:   bridge window [mem 0x80000000-0xbfffffff] (subtractive decode)
Jun  8 20:33:36 sim-16 kernel: [    3.876110] pci_bus 0000:00: on NUMA node 0 (pxm 0)
Jun  8 20:33:36 sim-16 kernel: [    3.876113] ACPI: PCI Interrupt Routing Table [\_SB_.PCI0._PRT]
Jun  8 20:33:36 sim-16 kernel: [    3.876193] ACPI: PCI Interrupt Routing Table [\_SB_.PCI0.BR20._PRT]
Jun  8 20:33:36 sim-16 kernel: [    3.876219] ACPI: PCI Interrupt Routing Table [\_SB_.PCI0.PEX0._PRT]
Jun  8 20:33:36 sim-16 kernel: [    3.876241] ACPI: PCI Interrupt Routing Table [\_SB_.PCI0.BR33._PRT]
Jun  8 20:33:36 sim-16 kernel: [    3.876255] ACPI: PCI Interrupt Routing Table [\_SB_.PCI0.NPE1._PRT]
Jun  8 20:33:36 sim-16 kernel: [    3.876283] ACPI: PCI Interrupt Routing Table [\_SB_.PCI0.NPE2._PRT]
Jun  8 20:33:36 sim-16 kernel: [    3.876302] ACPI: PCI Interrupt Routing Table [\_SB_.PCI0.NPE3._PRT]
Jun  8 20:33:36 sim-16 kernel: [    3.876319] ACPI: PCI Interrupt Routing Table [\_SB_.PCI0.NPE7._PRT]
Jun  8 20:33:36 sim-16 kernel: [    3.876392]  pci0000:00: Requesting ACPI _OSC control (0x1d)
Jun  8 20:33:36 sim-16 kernel: [    3.876534]  pci0000:00: ACPI _OSC control (0x11) granted
Jun  8 20:33:36 sim-16 kernel: [    3.881822] ACPI: PCI Root Bridge [UNC0] (domain 0000 [bus 7f])
Jun  8 20:33:36 sim-16 kernel: [    3.881870] pci 0000:7f:08.0: [8086:3c80] type 0 class 0x000880
Jun  8 20:33:36 sim-16 kernel: [    3.881903] pci 0000:7f:08.3: [8086:3c83] type 0 class 0x000880
Jun  8 20:33:36 sim-16 kernel: [    3.881942] pci 0000:7f:08.4: [8086:3c84] type 0 class 0x000880
Jun  8 20:33:36 sim-16 kernel: [    3.881986] pci 0000:7f:09.0: [8086:3c90] type 0 class 0x000880
Jun  8 20:33:36 sim-16 kernel: [    3.882017] pci 0000:7f:09.3: [8086:3c93] type 0 class 0x000880
Jun  8 20:33:36 sim-16 kernel: [    3.882056] pci 0000:7f:09.4: [8086:3c94] type 0 class 0x000880
Jun  8 20:33:36 sim-16 kernel: [    3.882101] pci 0000:7f:0a.0: [8086:3cc0] type 0 class 0x000880
Jun  8 20:33:36 sim-16 kernel: [    3.882126] pci 0000:7f:0a.1: [8086:3cc1] type 0 class 0x000880
Jun  8 20:33:36 sim-16 kernel: [    3.882150] pci 0000:7f:0a.2: [8086:3cc2] type 0 class 0x000880
Jun  8 20:33:36 sim-16 kernel: [    3.882174] pci 0000:7f:0a.3: [8086:3cd0] type 0 class 0x000880
Jun  8 20:33:36 sim-16 kernel: [    3.882200] pci 0000:7f:0b.0: [8086:3ce0] type 0 class 0x000880
Jun  8 20:33:36 sim-16 kernel: [    3.882222] pci 0000:7f:0b.3: [8086:3ce3] type 0 class 0x000880
Jun  8 20:33:36 sim-16 kernel: [    3.882245] pci 0000:7f:0c.0: [8086:3ce8] type 0 class 0x000880
Jun  8 20:33:36 sim-16 kernel: [    3.882268] pci 0000:7f:0c.1: [8086:3ce8] type 0 class 0x000880
Jun  8 20:33:36 sim-16 kernel: [    3.882292] pci 0000:7f:0c.2: [8086:3ce8] type 0 class 0x000880
Jun  8 20:33:36 sim-16 kernel: [    3.882315] pci 0000:7f:0c.3: [8086:3ce8] type 0 class 0x000880
Jun  8 20:33:36 sim-16 kernel: [    3.882338] pci 0000:7f:0c.6: [8086:3cf4] type 0 class 0x000880
Jun  8 20:33:36 sim-16 kernel: [    3.882360] pci 0000:7f:0c.7: [8086:3cf6] type 0 class 0x000880
Jun  8 20:33:36 sim-16 kernel: [    3.882383] pci 0000:7f:0d.0: [8086:3ce8] type 0 class 0x000880
Jun  8 20:33:36 sim-16 kernel: [    3.882405] pci 0000:7f:0d.1: [8086:3ce8] type 0 class 0x000880
Jun  8 20:33:36 sim-16 kernel: [    3.882428] pci 0000:7f:0d.2: [8086:3ce8] type 0 class 0x000880
Jun  8 20:33:36 sim-16 kernel: [    3.882451] pci 0000:7f:0d.3: [8086:3ce8] type 0 class 0x000880
Jun  8 20:33:36 sim-16 kernel: [    3.882475] pci 0000:7f:0d.6: [8086:3cf5] type 0 class 0x000880
Jun  8 20:33:36 sim-16 kernel: [    3.882499] pci 0000:7f:0e.0: [8086:3ca0] type 0 class 0x000880
Jun  8 20:33:36 sim-16 kernel: [    3.882525] pci 0000:7f:0e.1: [8086:3c46] type 0 class 0x001101
Jun  8 20:33:36 sim-16 kernel: [    3.882555] pci 0000:7f:0f.0: [8086:3ca8] type 0 class 0x000880
Jun  8 20:33:36 sim-16 kernel: [    3.882591] pci 0000:7f:0f.1: [8086:3c71] type 0 class 0x000880
Jun  8 20:33:36 sim-16 kernel: [    3.882627] pci 0000:7f:0f.2: [8086:3caa] type 0 class 0x000880
Jun  8 20:33:36 sim-16 kernel: [    3.882663] pci 0000:7f:0f.3: [8086:3cab] type 0 class 0x000880
Jun  8 20:33:36 sim-16 kernel: [    3.882700] pci 0000:7f:0f.4: [8086:3cac] type 0 class 0x000880
Jun  8 20:33:36 sim-16 kernel: [    3.882737] pci 0000:7f:0f.5: [8086:3cad] type 0 class 0x000880
Jun  8 20:33:36 sim-16 kernel: [    3.882772] pci 0000:7f:0f.6: [8086:3cae] type 0 class 0x000880
Jun  8 20:33:36 sim-16 kernel: [    3.882801] pci 0000:7f:10.0: [8086:3cb0] type 0 class 0x000880
Jun  8 20:33:36 sim-16 kernel: [    3.882838] pci 0000:7f:10.1: [8086:3cb1] type 0 class 0x000880
Jun  8 20:33:36 sim-16 kernel: [    3.882875] pci 0000:7f:10.2: [8086:3cb2] type 0 class 0x000880
Jun  8 20:33:36 sim-16 kernel: [    3.882911] pci 0000:7f:10.3: [8086:3cb3] type 0 class 0x000880
Jun  8 20:33:36 sim-16 kernel: [    3.882947] pci 0000:7f:10.4: [8086:3cb4] type 0 class 0x000880
Jun  8 20:33:36 sim-16 kernel: [    3.882984] pci 0000:7f:10.5: [8086:3cb5] type 0 class 0x000880
Jun  8 20:33:36 sim-16 kernel: [    3.883022] pci 0000:7f:10.6: [8086:3cb6] type 0 class 0x000880
Jun  8 20:33:36 sim-16 kernel: [    3.883058] pci 0000:7f:10.7: [8086:3cb7] type 0 class 0x000880
Jun  8 20:33:36 sim-16 kernel: [    3.883092] pci 0000:7f:11.0: [8086:3cb8] type 0 class 0x000880
Jun  8 20:33:36 sim-16 kernel: [    3.883124] pci 0000:7f:13.0: [8086:3ce4] type 0 class 0x000880
Jun  8 20:33:36 sim-16 kernel: [    3.883146] pci 0000:7f:13.1: [8086:3c43] type 0 class 0x001101
Jun  8 20:33:36 sim-16 kernel: [    3.883170] pci 0000:7f:13.4: [8086:3ce6] type 0 class 0x001101
Jun  8 20:33:36 sim-16 kernel: [    3.883193] pci 0000:7f:13.5: [8086:3c44] type 0 class 0x001101
Jun  8 20:33:36 sim-16 kernel: [    3.883215] pci 0000:7f:13.6: [8086:3c45] type 0 class 0x000880
Jun  8 20:33:36 sim-16 kernel: [    3.883245]  pci0000:7f: Requesting ACPI _OSC control (0x1d)
Jun  8 20:33:36 sim-16 kernel: [    3.883247]  pci0000:7f: ACPI _OSC request failed (AE_NOT_FOUND), returned control mask: 0x1d
Jun  8 20:33:36 sim-16 kernel: [    3.883249] ACPI _OSC control for PCIe not granted, disabling ASPM
Jun  8 20:33:36 sim-16 kernel: [    3.884129] ACPI: PCI Root Bridge [PCI1] (domain 0000 [bus 80-fe])
Jun  8 20:33:36 sim-16 kernel: [    3.884262] pci_root PNP0A08:01: host bridge window [io  0xa000-0xffff]
Jun  8 20:33:36 sim-16 kernel: [    3.884264] pci_root PNP0A08:01: host bridge window [mem 0xc0000000-0xfbffffff]
Jun  8 20:33:36 sim-16 kernel: [    3.884278] pci 0000:80:01.0: [8086:3c02] type 1 class 0x000604
Jun  8 20:33:36 sim-16 kernel: [    3.884342] pci 0000:80:01.0: PME# supported from D0 D3hot D3cold
Jun  8 20:33:36 sim-16 kernel: [    3.884345] pci 0000:80:01.0: PME# disabled
Jun  8 20:33:36 sim-16 kernel: [    3.884375] pci 0000:80:02.0: [8086:3c04] type 1 class 0x000604
Jun  8 20:33:36 sim-16 kernel: [    3.884437] pci 0000:80:02.0: PME# supported from D0 D3hot D3cold
Jun  8 20:33:36 sim-16 kernel: [    3.884440] pci 0000:80:02.0: PME# disabled
Jun  8 20:33:36 sim-16 kernel: [    3.884469] pci 0000:80:03.0: [8086:3c08] type 1 class 0x000604
Jun  8 20:33:36 sim-16 kernel: [    3.884531] pci 0000:80:03.0: PME# supported from D0 D3hot D3cold
Jun  8 20:33:36 sim-16 kernel: [    3.884534] pci 0000:80:03.0: PME# disabled
Jun  8 20:33:36 sim-16 kernel: [    3.884561] pci 0000:80:04.0: [8086:3c20] type 0 class 0x000880
Jun  8 20:33:36 sim-16 kernel: [    3.884574] pci 0000:80:04.0: reg 10: [mem 0xfb21c000-0xfb21ffff 64bit]
Jun  8 20:33:36 sim-16 kernel: [    3.884649] pci 0000:80:04.1: [8086:3c21] type 0 class 0x000880
Jun  8 20:33:36 sim-16 kernel: [    3.884662] pci 0000:80:04.1: reg 10: [mem 0xfb218000-0xfb21bfff 64bit]
Jun  8 20:33:36 sim-16 kernel: [    3.884737] pci 0000:80:04.2: [8086:3c22] type 0 class 0x000880
Jun  8 20:33:36 sim-16 kernel: [    3.884750] pci 0000:80:04.2: reg 10: [mem 0xfb214000-0xfb217fff 64bit]
Jun  8 20:33:36 sim-16 kernel: [    3.884826] pci 0000:80:04.3: [8086:3c23] type 0 class 0x000880
Jun  8 20:33:36 sim-16 kernel: [    3.884838] pci 0000:80:04.3: reg 10: [mem 0xfb210000-0xfb213fff 64bit]
Jun  8 20:33:36 sim-16 kernel: [    3.884914] pci 0000:80:04.4: [8086:3c24] type 0 class 0x000880
Jun  8 20:33:36 sim-16 kernel: [    3.884926] pci 0000:80:04.4: reg 10: [mem 0xfb20c000-0xfb20ffff 64bit]
Jun  8 20:33:36 sim-16 kernel: [    3.885006] pci 0000:80:04.5: [8086:3c25] type 0 class 0x000880
Jun  8 20:33:36 sim-16 kernel: [    3.885019] pci 0000:80:04.5: reg 10: [mem 0xfb208000-0xfb20bfff 64bit]
Jun  8 20:33:36 sim-16 kernel: [    3.885095] pci 0000:80:04.6: [8086:3c26] type 0 class 0x000880
Jun  8 20:33:36 sim-16 kernel: [    3.885108] pci 0000:80:04.6: reg 10: [mem 0xfb204000-0xfb207fff 64bit]
Jun  8 20:33:36 sim-16 kernel: [    3.885183] pci 0000:80:04.7: [8086:3c27] type 0 class 0x000880
Jun  8 20:33:36 sim-16 kernel: [    3.885196] pci 0000:80:04.7: reg 10: [mem 0xfb200000-0xfb203fff 64bit]
Jun  8 20:33:36 sim-16 kernel: [    3.885270] pci 0000:80:05.0: [8086:3c28] type 0 class 0x000880
Jun  8 20:33:36 sim-16 kernel: [    3.885344] pci 0000:80:05.2: [8086:3c2a] type 0 class 0x000880
Jun  8 20:33:36 sim-16 kernel: [    3.885415] pci 0000:80:05.4: [8086:3c2c] type 0 class 0x000800
Jun  8 20:33:36 sim-16 kernel: [    3.885427] pci 0000:80:05.4: reg 10: [mem 0xfb220000-0xfb220fff]
Jun  8 20:33:36 sim-16 kernel: [    3.885543] pci 0000:81:00.0: [8086:10fb] type 0 class 0x000200
Jun  8 20:33:36 sim-16 kernel: [    3.885553] pci 0000:81:00.0: reg 10: [mem 0xf2180000-0xf21fffff 64bit pref]
Jun  8 20:33:36 sim-16 kernel: [    3.885559] pci 0000:81:00.0: reg 18: [io  0xf020-0xf03f]
Jun  8 20:33:36 sim-16 kernel: [    3.885572] pci 0000:81:00.0: reg 20: [mem 0xf2604000-0xf2607fff 64bit pref]
Jun  8 20:33:36 sim-16 kernel: [    3.885578] pci 0000:81:00.0: reg 30: [mem 0xfb180000-0xfb1fffff pref]
Jun  8 20:33:36 sim-16 kernel: [    3.885607] pci 0000:81:00.0: PME# supported from D0 D3hot
Jun  8 20:33:36 sim-16 kernel: [    3.885609] pci 0000:81:00.0: PME# disabled
Jun  8 20:33:36 sim-16 kernel: [    3.885633] pci 0000:81:00.0: reg 184: [mem 0xf2500000-0xf2503fff 64bit pref]
Jun  8 20:33:36 sim-16 kernel: [    3.885644] pci 0000:81:00.0: reg 190: [mem 0xf2400000-0xf2403fff 64bit pref]
Jun  8 20:33:36 sim-16 kernel: [    3.885662] pci 0000:81:00.1: [8086:10fb] type 0 class 0x000200
Jun  8 20:33:36 sim-16 kernel: [    3.885672] pci 0000:81:00.1: reg 10: [mem 0xf2100000-0xf217ffff 64bit pref]
Jun  8 20:33:36 sim-16 kernel: [    3.885678] pci 0000:81:00.1: reg 18: [io  0xf000-0xf01f]
Jun  8 20:33:36 sim-16 kernel: [    3.885690] pci 0000:81:00.1: reg 20: [mem 0xf2600000-0xf2603fff 64bit pref]
Jun  8 20:33:36 sim-16 kernel: [    3.885696] pci 0000:81:00.1: reg 30: [mem 0xfb100000-0xfb17ffff pref]
Jun  8 20:33:36 sim-16 kernel: [    3.885725] pci 0000:81:00.1: PME# supported from D0 D3hot
Jun  8 20:33:36 sim-16 kernel: [    3.885728] pci 0000:81:00.1: PME# disabled
Jun  8 20:33:36 sim-16 kernel: [    3.885746] pci 0000:81:00.1: reg 184: [mem 0xf2300000-0xf2303fff 64bit pref]
Jun  8 20:33:36 sim-16 kernel: [    3.885757] pci 0000:81:00.1: reg 190: [mem 0xf2200000-0xf2203fff 64bit pref]
Jun  8 20:33:36 sim-16 kernel: [    3.891876] pci 0000:80:01.0: PCI bridge to [bus 81-82]
Jun  8 20:33:36 sim-16 kernel: [    3.891879] pci 0000:80:01.0:   bridge window [io  0xf000-0xffff]
Jun  8 20:33:36 sim-16 kernel: [    3.891883] pci 0000:80:01.0:   bridge window [mem 0xfb100000-0xfb1fffff]
Jun  8 20:33:36 sim-16 kernel: [    3.891887] pci 0000:80:01.0:   bridge window [mem 0xf2100000-0xf26fffff 64bit pref]
Jun  8 20:33:36 sim-16 kernel: [    3.891939] pci 0000:83:00.0: [10b5:8747] type 1 class 0x000604
Jun  8 20:33:36 sim-16 kernel: [    3.891947] pci 0000:83:00.0: reg 10: [mem 0xfb000000-0xfb03ffff]
Jun  8 20:33:36 sim-16 kernel: [    3.891993] pci 0000:83:00.0: PME# supported from D0 D3hot D3cold
Jun  8 20:33:36 sim-16 kernel: [    3.891995] pci 0000:83:00.0: PME# disabled
Jun  8 20:33:36 sim-16 kernel: [    3.899871] pci 0000:80:02.0: PCI bridge to [bus 83-86]
Jun  8 20:33:36 sim-16 kernel: [    3.899876] pci 0000:80:02.0:   bridge window [mem 0xf9000000-0xfb0fffff]
Jun  8 20:33:36 sim-16 kernel: [    3.899881] pci 0000:80:02.0:   bridge window [mem 0xc0000000-0xf1ffffff 64bit pref]
Jun  8 20:33:36 sim-16 kernel: [    3.899934] pci 0000:84:08.0: [10b5:8747] type 1 class 0x000604
Jun  8 20:33:36 sim-16 kernel: [    3.899998] pci 0000:84:08.0: PME# supported from D0 D3hot D3cold
Jun  8 20:33:36 sim-16 kernel: [    3.900001] pci 0000:84:08.0: PME# disabled
Jun  8 20:33:36 sim-16 kernel: [    3.900033] pci 0000:84:10.0: [10b5:8747] type 1 class 0x000604
Jun  8 20:33:36 sim-16 kernel: [    3.900088] pci 0000:84:10.0: PME# supported from D0 D3hot D3cold
Jun  8 20:33:36 sim-16 kernel: [    3.900091] pci 0000:84:10.0: PME# disabled
Jun  8 20:33:36 sim-16 kernel: [    3.900113] pci 0000:83:00.0: PCI bridge to [bus 84-86]
Jun  8 20:33:36 sim-16 kernel: [    3.900119] pci 0000:83:00.0:   bridge window [mem 0xf9000000-0xfaffffff]
Jun  8 20:33:36 sim-16 kernel: [    3.900123] pci 0000:83:00.0:   bridge window [mem 0xc0000000-0xf1ffffff 64bit pref]
Jun  8 20:33:36 sim-16 kernel: [    3.900173] pci 0000:85:00.0: [10de:118f] type 0 class 0x000302
Jun  8 20:33:36 sim-16 kernel: [    3.900186] pci 0000:85:00.0: reg 10: [mem 0xfa000000-0xfaffffff]
Jun  8 20:33:36 sim-16 kernel: [    3.900200] pci 0000:85:00.0: reg 14: [mem 0xe0000000-0xefffffff 64bit pref]
Jun  8 20:33:36 sim-16 kernel: [    3.900212] pci 0000:85:00.0: reg 1c: [mem 0xf0000000-0xf1ffffff 64bit pref]
Jun  8 20:33:36 sim-16 kernel: [    3.907871] pci 0000:84:08.0: PCI bridge to [bus 85-85]
Jun  8 20:33:36 sim-16 kernel: [    3.907877] pci 0000:84:08.0:   bridge window [mem 0xfa000000-0xfaffffff]
Jun  8 20:33:36 sim-16 kernel: [    3.907883] pci 0000:84:08.0:   bridge window [mem 0xe0000000-0xf1ffffff 64bit pref]
Jun  8 20:33:36 sim-16 kernel: [    3.907932] pci 0000:86:00.0: [10de:118f] type 0 class 0x000302
Jun  8 20:33:36 sim-16 kernel: [    3.907943] pci 0000:86:00.0: reg 10: [mem 0xf9000000-0xf9ffffff]
Jun  8 20:33:36 sim-16 kernel: [    3.907957] pci 0000:86:00.0: reg 14: [mem 0xc0000000-0xcfffffff 64bit pref]
Jun  8 20:33:36 sim-16 kernel: [    3.907970] pci 0000:86:00.0: reg 1c: [mem 0xd0000000-0xd1ffffff 64bit pref]
Jun  8 20:33:36 sim-16 kernel: [    3.915869] pci 0000:84:10.0: PCI bridge to [bus 86-86]
Jun  8 20:33:36 sim-16 kernel: [    3.915875] pci 0000:84:10.0:   bridge window [mem 0xf9000000-0xf9ffffff]
Jun  8 20:33:36 sim-16 kernel: [    3.915880] pci 0000:84:10.0:   bridge window [mem 0xc0000000-0xd1ffffff 64bit pref]
Jun  8 20:33:36 sim-16 kernel: [    3.915927] pci 0000:80:03.0: PCI bridge to [bus 87-87]
Jun  8 20:33:36 sim-16 kernel: [    3.915946] pci_bus 0000:80: on NUMA node 1 (pxm 1)
Jun  8 20:33:36 sim-16 kernel: [    3.915950] ACPI: PCI Interrupt Routing Table [\_SB_.PCI1._PRT]
Jun  8 20:33:36 sim-16 kernel: [    3.916022] ACPI: PCI Interrupt Routing Table [\_SB_.PCI1.NPE1._PRT]
Jun  8 20:33:36 sim-16 kernel: [    3.916042] ACPI: PCI Interrupt Routing Table [\_SB_.PCI1.NPE3._PRT]
Jun  8 20:33:36 sim-16 kernel: [    3.916060] ACPI: PCI Interrupt Routing Table [\_SB_.PCI1.NPE7._PRT]
Jun  8 20:33:36 sim-16 kernel: [    3.916129]  pci0000:80: Requesting ACPI _OSC control (0x1d)
Jun  8 20:33:36 sim-16 kernel: [    3.916270]  pci0000:80: ACPI _OSC control (0x11) granted
Jun  8 20:33:36 sim-16 kernel: [    3.917658] ACPI: PCI Root Bridge [UNC1] (domain 0000 [bus ff])
Jun  8 20:33:36 sim-16 kernel: [    3.917707] pci 0000:ff:08.0: [8086:3c80] type 0 class 0x000880
Jun  8 20:33:36 sim-16 kernel: [    3.917744] pci 0000:ff:08.3: [8086:3c83] type 0 class 0x000880
Jun  8 20:33:36 sim-16 kernel: [    3.917788] pci 0000:ff:08.4: [8086:3c84] type 0 class 0x000880
Jun  8 20:33:36 sim-16 kernel: [    3.917837] pci 0000:ff:09.0: [8086:3c90] type 0 class 0x000880
Jun  8 20:33:36 sim-16 kernel: [    3.917872] pci 0000:ff:09.3: [8086:3c93] type 0 class 0x000880
Jun  8 20:33:36 sim-16 kernel: [    3.917914] pci 0000:ff:09.4: [8086:3c94] type 0 class 0x000880
Jun  8 20:33:36 sim-16 kernel: [    3.917961] pci 0000:ff:0a.0: [8086:3cc0] type 0 class 0x000880
Jun  8 20:33:36 sim-16 kernel: [    3.917988] pci 0000:ff:0a.1: [8086:3cc1] type 0 class 0x000880
Jun  8 20:33:36 sim-16 kernel: [    3.918015] pci 0000:ff:0a.2: [8086:3cc2] type 0 class 0x000880
Jun  8 20:33:36 sim-16 kernel: [    3.918043] pci 0000:ff:0a.3: [8086:3cd0] type 0 class 0x000880
Jun  8 20:33:36 sim-16 kernel: [    3.918072] pci 0000:ff:0b.0: [8086:3ce0] type 0 class 0x000880
Jun  8 20:33:36 sim-16 kernel: [    3.918099] pci 0000:ff:0b.3: [8086:3ce3] type 0 class 0x000880
Jun  8 20:33:36 sim-16 kernel: [    3.918125] pci 0000:ff:0c.0: [8086:3ce8] type 0 class 0x000880
Jun  8 20:33:36 sim-16 kernel: [    3.918150] pci 0000:ff:0c.1: [8086:3ce8] type 0 class 0x000880
Jun  8 20:33:36 sim-16 kernel: [    3.918176] pci 0000:ff:0c.2: [8086:3ce8] type 0 class 0x000880
Jun  8 20:33:36 sim-16 kernel: [    3.918201] pci 0000:ff:0c.3: [8086:3ce8] type 0 class 0x000880
Jun  8 20:33:36 sim-16 kernel: [    3.918228] pci 0000:ff:0c.6: [8086:3cf4] type 0 class 0x000880
Jun  8 20:33:36 sim-16 kernel: [    3.918253] pci 0000:ff:0c.7: [8086:3cf6] type 0 class 0x000880
Jun  8 20:33:36 sim-16 kernel: [    3.918279] pci 0000:ff:0d.0: [8086:3ce8] type 0 class 0x000880
Jun  8 20:33:36 sim-16 kernel: [    3.918305] pci 0000:ff:0d.1: [8086:3ce8] type 0 class 0x000880
Jun  8 20:33:36 sim-16 kernel: [    3.918331] pci 0000:ff:0d.2: [8086:3ce8] type 0 class 0x000880
Jun  8 20:33:36 sim-16 kernel: [    3.918357] pci 0000:ff:0d.3: [8086:3ce8] type 0 class 0x000880
Jun  8 20:33:36 sim-16 kernel: [    3.918383] pci 0000:ff:0d.6: [8086:3cf5] type 0 class 0x000880
Jun  8 20:33:36 sim-16 kernel: [    3.918409] pci 0000:ff:0e.0: [8086:3ca0] type 0 class 0x000880
Jun  8 20:33:36 sim-16 kernel: [    3.918438] pci 0000:ff:0e.1: [8086:3c46] type 0 class 0x001101
Jun  8 20:33:36 sim-16 kernel: [    3.918471] pci 0000:ff:0f.0: [8086:3ca8] type 0 class 0x000880
Jun  8 20:33:36 sim-16 kernel: [    3.918511] pci 0000:ff:0f.1: [8086:3c71] type 0 class 0x000880
Jun  8 20:33:36 sim-16 kernel: [    3.918553] pci 0000:ff:0f.2: [8086:3caa] type 0 class 0x000880
Jun  8 20:33:36 sim-16 kernel: [    3.918593] pci 0000:ff:0f.3: [8086:3cab] type 0 class 0x000880
Jun  8 20:33:36 sim-16 kernel: [    3.918633] pci 0000:ff:0f.4: [8086:3cac] type 0 class 0x000880
Jun  8 20:33:36 sim-16 kernel: [    3.918674] pci 0000:ff:0f.5: [8086:3cad] type 0 class 0x000880
Jun  8 20:33:36 sim-16 kernel: [    3.918712] pci 0000:ff:0f.6: [8086:3cae] type 0 class 0x000880
Jun  8 20:33:36 sim-16 kernel: [    3.918745] pci 0000:ff:10.0: [8086:3cb0] type 0 class 0x000880
Jun  8 20:33:36 sim-16 kernel: [    3.918786] pci 0000:ff:10.1: [8086:3cb1] type 0 class 0x000880
Jun  8 20:33:36 sim-16 kernel: [    3.918827] pci 0000:ff:10.2: [8086:3cb2] type 0 class 0x000880
Jun  8 20:33:36 sim-16 kernel: [    3.918868] pci 0000:ff:10.3: [8086:3cb3] type 0 class 0x000880
Jun  8 20:33:36 sim-16 kernel: [    3.918908] pci 0000:ff:10.4: [8086:3cb4] type 0 class 0x000880
Jun  8 20:33:36 sim-16 kernel: [    3.918949] pci 0000:ff:10.5: [8086:3cb5] type 0 class 0x000880
Jun  8 20:33:36 sim-16 kernel: [    3.918990] pci 0000:ff:10.6: [8086:3cb6] type 0 class 0x000880
Jun  8 20:33:36 sim-16 kernel: [    3.919031] pci 0000:ff:10.7: [8086:3cb7] type 0 class 0x000880
Jun  8 20:33:36 sim-16 kernel: [    3.919070] pci 0000:ff:11.0: [8086:3cb8] type 0 class 0x000880
Jun  8 20:33:36 sim-16 kernel: [    3.919105] pci 0000:ff:13.0: [8086:3ce4] type 0 class 0x000880
Jun  8 20:33:36 sim-16 kernel: [    3.919130] pci 0000:ff:13.1: [8086:3c43] type 0 class 0x001101
Jun  8 20:33:36 sim-16 kernel: [    3.919158] pci 0000:ff:13.4: [8086:3ce6] type 0 class 0x001101
Jun  8 20:33:36 sim-16 kernel: [    3.919184] pci 0000:ff:13.5: [8086:3c44] type 0 class 0x001101
Jun  8 20:33:36 sim-16 kernel: [    3.919210] pci 0000:ff:13.6: [8086:3c45] type 0 class 0x000880
Jun  8 20:33:36 sim-16 kernel: [    3.919243]  pci0000:ff: Requesting ACPI _OSC control (0x1d)
Jun  8 20:33:36 sim-16 kernel: [    3.919245]  pci0000:ff: ACPI _OSC request failed (AE_NOT_FOUND), returned control mask: 0x1d
Jun  8 20:33:36 sim-16 kernel: [    3.919246] ACPI _OSC control for PCIe not granted, disabling ASPM
Jun  8 20:33:36 sim-16 kernel: [    3.920018] ACPI: PCI Interrupt Link [LNKA] (IRQs 3 4 5 6 7 10 *11 12 14 15)
Jun  8 20:33:36 sim-16 kernel: [    3.920050] ACPI: PCI Interrupt Link [LNKB] (IRQs 3 4 5 6 7 *10 11 12 14 15)
Jun  8 20:33:36 sim-16 kernel: [    3.920080] ACPI: PCI Interrupt Link [LNKC] (IRQs 3 4 *5 6 10 11 12 14 15)
Jun  8 20:33:36 sim-16 kernel: [    3.920109] ACPI: PCI Interrupt Link [LNKD] (IRQs 3 4 5 6 10 *11 12 14 15)
Jun  8 20:33:36 sim-16 kernel: [    3.920138] ACPI: PCI Interrupt Link [LNKE] (IRQs 3 4 5 6 7 10 11 12 14 15) *0
Jun  8 20:33:36 sim-16 kernel: [    3.920167] ACPI: PCI Interrupt Link [LNKF] (IRQs 3 4 5 6 7 10 11 12 14 15) *0
Jun  8 20:33:36 sim-16 kernel: [    3.920197] ACPI: PCI Interrupt Link [LNKG] (IRQs 3 4 5 6 7 10 11 12 14 15) *0
Jun  8 20:33:36 sim-16 kernel: [    3.920226] ACPI: PCI Interrupt Link [LNKH] (IRQs 3 4 5 6 *7 10 11 12 14 15)
Jun  8 20:33:36 sim-16 kernel: [    3.920333] vgaarb: device added: PCI:0000:08:01.0,decodes=io+mem,owns=io+mem,locks=none
Jun  8 20:33:36 sim-16 kernel: [    3.920361] vgaarb: loaded
Jun  8 20:33:36 sim-16 kernel: [    3.920362] vgaarb: bridge control possible 0000:08:01.0
Jun  8 20:33:36 sim-16 kernel: [    3.920445] i2c-core: driver [aat2870] using legacy suspend method
Jun  8 20:33:36 sim-16 kernel: [    3.920447] i2c-core: driver [aat2870] using legacy resume method
Jun  8 20:33:36 sim-16 kernel: [    3.920495] SCSI subsystem initialized
Jun  8 20:33:36 sim-16 kernel: [    3.920573] libata version 3.00 loaded.
Jun  8 20:33:36 sim-16 kernel: [    3.920616] usbcore: registered new interface driver usbfs
Jun  8 20:33:36 sim-16 kernel: [    3.920623] usbcore: registered new interface driver hub
Jun  8 20:33:36 sim-16 kernel: [    3.920652] usbcore: registered new device driver usb
Jun  8 20:33:36 sim-16 kernel: [    3.920735] PCI: Using ACPI for IRQ routing
Jun  8 20:33:36 sim-16 kernel: [    3.924905] PCI: pci_cache_line_size set to 64 bytes
Jun  8 20:33:36 sim-16 kernel: [    3.925173] reserve RAM buffer: 0000000000098400 - 000000000009ffff 
Jun  8 20:33:36 sim-16 kernel: [    3.925175] reserve RAM buffer: 000000007df99000 - 000000007fffffff 
Jun  8 20:33:36 sim-16 kernel: [    3.925268] NetLabel: Initializing
Jun  8 20:33:36 sim-16 kernel: [    3.925270] NetLabel:  domain hash size = 128
Jun  8 20:33:36 sim-16 kernel: [    3.925271] NetLabel:  protocols = UNLABELED CIPSOv4
Jun  8 20:33:36 sim-16 kernel: [    3.925279] NetLabel:  unlabeled traffic allowed by default
Jun  8 20:33:36 sim-16 kernel: [    3.925316] hpet0: at MMIO 0xfed00000, IRQs 2, 8, 0, 0, 0, 0, 0, 0
Jun  8 20:33:36 sim-16 kernel: [    3.925321] hpet0: 8 comparators, 64-bit 14.318180 MHz counter
Jun  8 20:33:36 sim-16 kernel: [    3.927363] Switching to clocksource hpet
Jun  8 20:33:36 sim-16 kernel: [    3.933015] AppArmor: AppArmor Filesystem Enabled
Jun  8 20:33:36 sim-16 kernel: [    3.933037] pnp: PnP ACPI init
Jun  8 20:33:36 sim-16 kernel: [    3.933048] ACPI: bus type pnp registered
Jun  8 20:33:36 sim-16 kernel: [    3.933161] pnp 00:00: [bus 00-7e]
Jun  8 20:33:36 sim-16 kernel: [    3.933162] pnp 00:00: [io  0x0cf8-0x0cff]
Jun  8 20:33:36 sim-16 kernel: [    3.933164] pnp 00:00: [io  0x0000-0x03af window]
Jun  8 20:33:36 sim-16 kernel: [    3.933165] pnp 00:00: [io  0x03e0-0x0cf7 window]
Jun  8 20:33:36 sim-16 kernel: [    3.933167] pnp 00:00: [io  0x03b0-0x03df window]
Jun  8 20:33:36 sim-16 kernel: [    3.933168] pnp 00:00: [io  0x0d00-0x9fff window]
Jun  8 20:33:36 sim-16 kernel: [    3.933170] pnp 00:00: [mem 0x000a0000-0x000bffff window]
Jun  8 20:33:36 sim-16 kernel: [    3.933171] pnp 00:00: [mem 0x000c0000-0x000dffff window]
Jun  8 20:33:36 sim-16 kernel: [    3.933172] pnp 00:00: [mem 0xfed08000-0xfed08fff window]
Jun  8 20:33:36 sim-16 kernel: [    3.933174] pnp 00:00: [mem 0xfed0e000-0xfed0ffff window]
Jun  8 20:33:36 sim-16 kernel: [    3.933175] pnp 00:00: [mem 0x80000000-0xbfffffff window]
Jun  8 20:33:36 sim-16 kernel: [    3.933177] pnp 00:00: [mem 0x00000000 window]
Jun  8 20:33:36 sim-16 kernel: [    3.933243] pnp 00:00: Plug and Play ACPI device, IDs PNP0a08 PNP0a03 (active)
Jun  8 20:33:36 sim-16 kernel: [    3.933250] pnp 00:01: [mem 0xfc000000-0xfcffffff]
Jun  8 20:33:36 sim-16 kernel: [    3.933255] pnp 00:01: [mem 0xfd000000-0xfdffffff]
Jun  8 20:33:36 sim-16 kernel: [    3.933256] pnp 00:01: [mem 0xfe000000-0xfeafffff]
Jun  8 20:33:36 sim-16 kernel: [    3.933257] pnp 00:01: [mem 0xfeb00000-0xfebfffff]
Jun  8 20:33:36 sim-16 kernel: [    3.933329] system 00:01: [mem 0xfc000000-0xfcffffff] has been reserved
Jun  8 20:33:36 sim-16 kernel: [    3.933331] system 00:01: [mem 0xfd000000-0xfdffffff] has been reserved
Jun  8 20:33:36 sim-16 kernel: [    3.933333] system 00:01: [mem 0xfe000000-0xfeafffff] has been reserved
Jun  8 20:33:36 sim-16 kernel: [    3.933338] system 00:01: [mem 0xfeb00000-0xfebfffff] has been reserved
Jun  8 20:33:36 sim-16 kernel: [    3.933340] system 00:01: Plug and Play ACPI device, IDs PNP0c01 (active)
Jun  8 20:33:36 sim-16 kernel: [    3.933370] pnp 00:02: [mem 0xbfffc000-0xbfffdfff]
Jun  8 20:33:36 sim-16 kernel: [    3.933432] system 00:02: [mem 0xbfffc000-0xbfffdfff] has been reserved
Jun  8 20:33:36 sim-16 kernel: [    3.933434] system 00:02: Plug and Play ACPI device, IDs PNP0c02 (active)
Jun  8 20:33:36 sim-16 kernel: [    3.933444] pnp 00:03: [dma 4]
Jun  8 20:33:36 sim-16 kernel: [    3.933445] pnp 00:03: [io  0x0000-0x000f]
Jun  8 20:33:36 sim-16 kernel: [    3.933447] pnp 00:03: [io  0x0081-0x0083]
Jun  8 20:33:36 sim-16 kernel: [    3.933448] pnp 00:03: [io  0x0087]
Jun  8 20:33:36 sim-16 kernel: [    3.933449] pnp 00:03: [io  0x0089-0x008b]
Jun  8 20:33:36 sim-16 kernel: [    3.933450] pnp 00:03: [io  0x008f]
Jun  8 20:33:36 sim-16 kernel: [    3.933451] pnp 00:03: [io  0x00c0-0x00df]
Jun  8 20:33:36 sim-16 kernel: [    3.933467] pnp 00:03: Plug and Play ACPI device, IDs PNP0200 (active)
Jun  8 20:33:36 sim-16 kernel: [    3.933474] pnp 00:04: [io  0x0070-0x0071]
Jun  8 20:33:36 sim-16 kernel: [    3.933487] pnp 00:04: [irq 8]
Jun  8 20:33:36 sim-16 kernel: [    3.933503] pnp 00:04: Plug and Play ACPI device, IDs PNP0b00 (active)
Jun  8 20:33:36 sim-16 kernel: [    3.933509] pnp 00:05: [io  0x0061]
Jun  8 20:33:36 sim-16 kernel: [    3.933522] pnp 00:05: Plug and Play ACPI device, IDs PNP0800 (active)
Jun  8 20:33:36 sim-16 kernel: [    3.933539] pnp 00:06: [io  0x0010-0x001f]
Jun  8 20:33:36 sim-16 kernel: [    3.933540] pnp 00:06: [io  0x0022-0x003f]
Jun  8 20:33:36 sim-16 kernel: [    3.933541] pnp 00:06: [io  0x0044-0x005f]
Jun  8 20:33:36 sim-16 kernel: [    3.933543] pnp 00:06: [io  0x0062-0x0063]
Jun  8 20:33:36 sim-16 kernel: [    3.933544] pnp 00:06: [io  0x0065-0x006f]
Jun  8 20:33:36 sim-16 kernel: [    3.933545] pnp 00:06: [io  0x0072-0x007f]
Jun  8 20:33:36 sim-16 kernel: [    3.933546] pnp 00:06: [io  0x0080]
Jun  8 20:33:36 sim-16 kernel: [    3.933547] pnp 00:06: [io  0x0084-0x0086]
Jun  8 20:33:36 sim-16 kernel: [    3.933548] pnp 00:06: [io  0x0088]
Jun  8 20:33:36 sim-16 kernel: [    3.933549] pnp 00:06: [io  0x008c-0x008e]
Jun  8 20:33:36 sim-16 kernel: [    3.933551] pnp 00:06: [io  0x0090-0x009f]
Jun  8 20:33:36 sim-16 kernel: [    3.933552] pnp 00:06: [io  0x00a2-0x00bf]
Jun  8 20:33:36 sim-16 kernel: [    3.933553] pnp 00:06: [io  0x00e0-0x00ef]
Jun  8 20:33:36 sim-16 kernel: [    3.933554] pnp 00:06: [io  0x04d0-0x04d1]
Jun  8 20:33:36 sim-16 kernel: [    3.933555] pnp 00:06: [mem 0x00000400-0x000004ff]
Jun  8 20:33:36 sim-16 kernel: [    3.933625] system 00:06: [io  0x04d0-0x04d1] has been reserved
Jun  8 20:33:36 sim-16 kernel: [    3.933627] system 00:06: [mem 0x00000400-0x000004ff] could not be reserved
Jun  8 20:33:36 sim-16 kernel: [    3.933629] system 00:06: Plug and Play ACPI device, IDs PNP0c02 (active)
Jun  8 20:33:36 sim-16 kernel: [    3.933636] pnp 00:07: [io  0x00f0-0x00ff]
Jun  8 20:33:36 sim-16 kernel: [    3.933642] pnp 00:07: [irq 13]
Jun  8 20:33:36 sim-16 kernel: [    3.933659] pnp 00:07: Plug and Play ACPI device, IDs PNP0c04 (active)
Jun  8 20:33:36 sim-16 kernel: [    3.933682] pnp 00:08: [io  0x0000-0xffffffffffffffff disabled]
Jun  8 20:33:36 sim-16 kernel: [    3.933684] pnp 00:08: [io  0x0000-0xffffffffffffffff disabled]
Jun  8 20:33:36 sim-16 kernel: [    3.933743] system 00:08: Plug and Play ACPI device, IDs PNP0c02 (active)
Jun  8 20:33:36 sim-16 kernel: [    3.933798] pnp 00:09: [io  0x0000-0xffffffffffffffff disabled]
Jun  8 20:33:36 sim-16 kernel: [    3.933800] pnp 00:09: [io  0x0b00-0x0b7f]
Jun  8 20:33:36 sim-16 kernel: [    3.933801] pnp 00:09: [io  0x0000-0xffffffffffffffff disabled]
Jun  8 20:33:36 sim-16 kernel: [    3.933803] pnp 00:09: [io  0x0000-0xffffffffffffffff disabled]
Jun  8 20:33:36 sim-16 kernel: [    3.933804] pnp 00:09: [io  0x0000-0xffffffffffffffff disabled]
Jun  8 20:33:36 sim-16 kernel: [    3.933870] system 00:09: [io  0x0b00-0x0b7f] has been reserved
Jun  8 20:33:36 sim-16 kernel: [    3.933872] system 00:09: Plug and Play ACPI device, IDs PNP0c02 (active)
Jun  8 20:33:36 sim-16 kernel: [    3.934009] pnp 00:0a: [io  0x03f8-0x03ff]
Jun  8 20:33:36 sim-16 kernel: [    3.934016] pnp 00:0a: [irq 4]
Jun  8 20:33:36 sim-16 kernel: [    3.934018] pnp 00:0a: [dma 0 disabled]
Jun  8 20:33:36 sim-16 kernel: [    3.934065] pnp 00:0a: Plug and Play ACPI device, IDs PNP0501 (active)
Jun  8 20:33:36 sim-16 kernel: [    3.934190] pnp 00:0b: [io  0x02f8-0x02ff]
Jun  8 20:33:36 sim-16 kernel: [    3.934196] pnp 00:0b: [irq 3]
Jun  8 20:33:36 sim-16 kernel: [    3.934197] pnp 00:0b: [dma 0 disabled]
Jun  8 20:33:36 sim-16 kernel: [    3.934233] pnp 00:0b: Plug and Play ACPI device, IDs PNP0501 (active)
Jun  8 20:33:36 sim-16 kernel: [    3.934308] pnp 00:0c: [io  0x0ca2]
Jun  8 20:33:36 sim-16 kernel: [    3.934310] pnp 00:0c: [io  0x0ca3]
Jun  8 20:33:36 sim-16 kernel: [    3.934330] pnp 00:0c: Plug and Play ACPI device, IDs IPI0001 (active)
Jun  8 20:33:36 sim-16 kernel: [    3.934417] pnp 00:0d: [io  0x0400-0x0453]
Jun  8 20:33:36 sim-16 kernel: [    3.934418] pnp 00:0d: [io  0x0458-0x047f]
Jun  8 20:33:36 sim-16 kernel: [    3.934419] pnp 00:0d: [io  0x1180-0x119f]
Jun  8 20:33:36 sim-16 kernel: [    3.934421] pnp 00:0d: [io  0x0500-0x057f]
Jun  8 20:33:36 sim-16 kernel: [    3.934422] pnp 00:0d: [mem 0xfed1c000-0xfed1ffff]
Jun  8 20:33:36 sim-16 kernel: [    3.934423] pnp 00:0d: [mem 0xfec00000-0xfecfffff]
Jun  8 20:33:36 sim-16 kernel: [    3.934424] pnp 00:0d: [mem 0xff000000-0xffffffff]
Jun  8 20:33:36 sim-16 kernel: [    3.934492] system 00:0d: [io  0x0400-0x0453] has been reserved
Jun  8 20:33:36 sim-16 kernel: [    3.934494] system 00:0d: [io  0x0458-0x047f] has been reserved
Jun  8 20:33:36 sim-16 kernel: [    3.934496] system 00:0d: [io  0x1180-0x119f] has been reserved
Jun  8 20:33:36 sim-16 kernel: [    3.934497] system 00:0d: [io  0x0500-0x057f] has been reserved
Jun  8 20:33:36 sim-16 kernel: [    3.934499] system 00:0d: [mem 0xfed1c000-0xfed1ffff] has been reserved
Jun  8 20:33:36 sim-16 kernel: [    3.934501] system 00:0d: [mem 0xfec00000-0xfecfffff] could not be reserved
Jun  8 20:33:36 sim-16 kernel: [    3.934503] system 00:0d: [mem 0xff000000-0xffffffff] has been reserved
Jun  8 20:33:36 sim-16 kernel: [    3.934505] system 00:0d: Plug and Play ACPI device, IDs PNP0c01 (active)
Jun  8 20:33:36 sim-16 kernel: [    3.934534] pnp 00:0e: [io  0x0454-0x0457]
Jun  8 20:33:36 sim-16 kernel: [    3.934597] system 00:0e: [io  0x0454-0x0457] has been reserved
Jun  8 20:33:36 sim-16 kernel: [    3.934599] system 00:0e: Plug and Play ACPI device, IDs INT3f0d PNP0c02 (active)
Jun  8 20:33:36 sim-16 kernel: [    3.934685] pnp 00:0f: [mem 0xfed00000-0xfed003ff]
Jun  8 20:33:36 sim-16 kernel: [    3.934709] pnp 00:0f: Plug and Play ACPI device, IDs PNP0103 (active)
Jun  8 20:33:36 sim-16 kernel: [    3.934744] pnp 00:10: [bus 7f]
Jun  8 20:33:36 sim-16 kernel: [    3.934780] pnp 00:10: Plug and Play ACPI device, IDs PNP0a03 (active)
Jun  8 20:33:36 sim-16 kernel: [    3.934853] pnp 00:11: [bus 80-fe]
Jun  8 20:33:36 sim-16 kernel: [    3.934854] pnp 00:11: [io  0x0000 window]
Jun  8 20:33:36 sim-16 kernel: [    3.934856] pnp 00:11: [io  0xa000-0xffff window]
Jun  8 20:33:36 sim-16 kernel: [    3.934857] pnp 00:11: [mem 0x00000000 window]
Jun  8 20:33:36 sim-16 kernel: [    3.934859] pnp 00:11: [mem 0xc0000000-0xfbffffff window]
Jun  8 20:33:36 sim-16 kernel: [    3.934860] pnp 00:11: [mem 0x00000000 window]
Jun  8 20:33:36 sim-16 kernel: [    3.934897] pnp 00:11: Plug and Play ACPI device, IDs PNP0a08 PNP0a03 (active)
Jun  8 20:33:36 sim-16 kernel: [    3.934969] system 00:12: Plug and Play ACPI device, IDs PNP0c01 (active)
Jun  8 20:33:36 sim-16 kernel: [    3.934996] pnp 00:13: [mem 0xfbffe000-0xfbffffff]
Jun  8 20:33:36 sim-16 kernel: [    3.935069] system 00:13: [mem 0xfbffe000-0xfbffffff] has been reserved
Jun  8 20:33:36 sim-16 kernel: [    3.935071] system 00:13: Plug and Play ACPI device, IDs PNP0c02 (active)
Jun  8 20:33:36 sim-16 kernel: [    3.935106] pnp 00:14: [bus ff]
Jun  8 20:33:36 sim-16 kernel: [    3.935142] pnp 00:14: Plug and Play ACPI device, IDs PNP0a03 (active)
Jun  8 20:33:36 sim-16 kernel: [    3.935244] pnp 00:15: [mem 0x00000000-0x0009ffff]
Jun  8 20:33:36 sim-16 kernel: [    3.935365] system 00:15: [mem 0x00000000-0x0009ffff] could not be reserved
Jun  8 20:33:36 sim-16 kernel: [    3.935368] system 00:15: Plug and Play ACPI device, IDs PNP0c01 (active)
Jun  8 20:33:36 sim-16 kernel: [    3.935372] Freeing initrd memory: 13840k freed
Jun  8 20:33:36 sim-16 kernel: [    3.935495] pnp: PnP ACPI: found 22 devices
Jun  8 20:33:36 sim-16 kernel: [    3.935496] ACPI: ACPI bus type pnp unregistered
Jun  8 20:33:36 sim-16 kernel: [    3.941902] PCI: max bus depth: 3 pci_try_num: 4
Jun  8 20:33:36 sim-16 kernel: [    3.941985] pci 0000:00:01.0: PCI bridge to [bus 01-01]
Jun  8 20:33:36 sim-16 kernel: [    3.941993] pci 0000:00:01.1: PCI bridge to [bus 02-02]
Jun  8 20:33:36 sim-16 kernel: [    3.942002] pci 0000:00:02.0: PCI bridge to [bus 03-03]
Jun  8 20:33:36 sim-16 kernel: [    3.942004] pci 0000:00:02.0:   bridge window [io  0x8000-0x8fff]
Jun  8 20:33:36 sim-16 kernel: [    3.942008] pci 0000:00:02.0:   bridge window [mem 0xbf900000-0xbfafffff]
Jun  8 20:33:36 sim-16 kernel: [    3.942014] pci 0000:00:03.0: PCI bridge to [bus 04-04]
Jun  8 20:33:36 sim-16 kernel: [    3.942022] pci 0000:00:11.0: PCI bridge to [bus 05-05]
Jun  8 20:33:36 sim-16 kernel: [    3.942035] pci 0000:00:1c.0: PCI bridge to [bus 06-07]
Jun  8 20:33:36 sim-16 kernel: [    3.942038] pci 0000:00:1c.0:   bridge window [io  0x7000-0x7fff]
Jun  8 20:33:36 sim-16 kernel: [    3.942042] pci 0000:00:1c.0:   bridge window [mem 0xbfb00000-0xbfbfffff]
Jun  8 20:33:36 sim-16 kernel: [    3.942046] pci 0000:00:1c.0:   bridge window [mem 0xbe000000-0xbe0fffff 64bit pref]
Jun  8 20:33:36 sim-16 kernel: [    3.942051] pci 0000:00:1e.0: PCI bridge to [bus 08-08]
Jun  8 20:33:36 sim-16 kernel: [    3.942055] pci 0000:00:1e.0:   bridge window [mem 0xbf000000-0xbf8fffff]
Jun  8 20:33:36 sim-16 kernel: [    3.942058] pci 0000:00:1e.0:   bridge window [mem 0xbd000000-0xbdffffff 64bit pref]
Jun  8 20:33:36 sim-16 kernel: [    3.942072] pci 0000:80:01.0: PCI bridge to [bus 81-82]
Jun  8 20:33:36 sim-16 kernel: [    3.942074] pci 0000:80:01.0:   bridge window [io  0xf000-0xffff]
Jun  8 20:33:36 sim-16 kernel: [    3.942079] pci 0000:80:01.0:   bridge window [mem 0xfb100000-0xfb1fffff]
Jun  8 20:33:36 sim-16 kernel: [    3.942082] pci 0000:80:01.0:   bridge window [mem 0xf2100000-0xf26fffff 64bit pref]
Jun  8 20:33:36 sim-16 kernel: [    3.942087] pci 0000:84:08.0: PCI bridge to [bus 85-85]
Jun  8 20:33:36 sim-16 kernel: [    3.942091] pci 0000:84:08.0:   bridge window [mem 0xfa000000-0xfaffffff]
Jun  8 20:33:36 sim-16 kernel: [    3.942094] pci 0000:84:08.0:   bridge window [mem 0xe0000000-0xf1ffffff 64bit pref]
Jun  8 20:33:36 sim-16 kernel: [    3.942098] pci 0000:84:10.0: PCI bridge to [bus 86-86]
Jun  8 20:33:36 sim-16 kernel: [    3.942101] pci 0000:84:10.0:   bridge window [mem 0xf9000000-0xf9ffffff]
Jun  8 20:33:36 sim-16 kernel: [    3.942105] pci 0000:84:10.0:   bridge window [mem 0xc0000000-0xd1ffffff 64bit pref]
Jun  8 20:33:36 sim-16 kernel: [    3.942109] pci 0000:83:00.0: PCI bridge to [bus 84-86]
Jun  8 20:33:36 sim-16 kernel: [    3.942112] pci 0000:83:00.0:   bridge window [mem 0xf9000000-0xfaffffff]
Jun  8 20:33:36 sim-16 kernel: [    3.942115] pci 0000:83:00.0:   bridge window [mem 0xc0000000-0xf1ffffff 64bit pref]
Jun  8 20:33:36 sim-16 kernel: [    3.942119] pci 0000:80:02.0: PCI bridge to [bus 83-86]
Jun  8 20:33:36 sim-16 kernel: [    3.942123] pci 0000:80:02.0:   bridge window [mem 0xf9000000-0xfb0fffff]
Jun  8 20:33:36 sim-16 kernel: [    3.942126] pci 0000:80:02.0:   bridge window [mem 0xc0000000-0xf1ffffff 64bit pref]
Jun  8 20:33:36 sim-16 kernel: [    3.942131] pci 0000:80:03.0: PCI bridge to [bus 87-87]
Jun  8 20:33:36 sim-16 kernel: [    3.942164] pci 0000:00:01.0: PCI INT A -> GSI 26 (level, low) -> IRQ 26
Jun  8 20:33:36 sim-16 kernel: [    3.942168] pci 0000:00:01.0: setting latency timer to 64
Jun  8 20:33:36 sim-16 kernel: [    3.942173] pci 0000:00:01.1: PCI INT A -> GSI 26 (level, low) -> IRQ 26
Jun  8 20:33:36 sim-16 kernel: [    3.942176] pci 0000:00:01.1: setting latency timer to 64
Jun  8 20:33:36 sim-16 kernel: [    3.942187] pci 0000:00:02.0: PCI INT A -> GSI 33 (level, low) -> IRQ 33
Jun  8 20:33:36 sim-16 kernel: [    3.942190] pci 0000:00:02.0: setting latency timer to 64
Jun  8 20:33:36 sim-16 kernel: [    3.942201] pci 0000:00:03.0: PCI INT A -> GSI 41 (level, low) -> IRQ 41
Jun  8 20:33:36 sim-16 kernel: [    3.942204] pci 0000:00:03.0: setting latency timer to 64
Jun  8 20:33:36 sim-16 kernel: [    3.942216] pci 0000:00:11.0: PCI INT A -> GSI 16 (level, low) -> IRQ 16
Jun  8 20:33:36 sim-16 kernel: [    3.942220] pci 0000:00:11.0: setting latency timer to 64
Jun  8 20:33:36 sim-16 kernel: [    3.942231] pci 0000:00:1c.0: PCI INT A -> GSI 17 (level, low) -> IRQ 17
Jun  8 20:33:36 sim-16 kernel: [    3.942234] pci 0000:00:1c.0: setting latency timer to 64
Jun  8 20:33:36 sim-16 kernel: [    3.942240] pci 0000:00:1e.0: setting latency timer to 64
Jun  8 20:33:36 sim-16 kernel: [    3.942265] pci 0000:80:01.0: PCI INT A -> GSI 51 (level, low) -> IRQ 51
Jun  8 20:33:36 sim-16 kernel: [    3.942268] pci 0000:80:01.0: setting latency timer to 64
Jun  8 20:33:36 sim-16 kernel: [    3.942280] pci 0000:80:02.0: PCI INT A -> GSI 57 (level, low) -> IRQ 57
Jun  8 20:33:36 sim-16 kernel: [    3.942283] pci 0000:80:02.0: setting latency timer to 64
Jun  8 20:33:36 sim-16 kernel: [    3.942294] pci 0000:83:00.0: PCI INT A -> GSI 56 (level, low) -> IRQ 56
Jun  8 20:33:36 sim-16 kernel: [    3.942297] pci 0000:83:00.0: setting latency timer to 64
Jun  8 20:33:36 sim-16 kernel: [    3.942301] pci 0000:84:08.0: PCI INT A -> GSI 56 (level, low) -> IRQ 56
Jun  8 20:33:36 sim-16 kernel: [    3.942304] pci 0000:84:08.0: setting latency timer to 64
Jun  8 20:33:36 sim-16 kernel: [    3.942308] pci 0000:84:10.0: PCI INT A -> GSI 56 (level, low) -> IRQ 56
Jun  8 20:33:36 sim-16 kernel: [    3.942311] pci 0000:84:10.0: setting latency timer to 64
Jun  8 20:33:36 sim-16 kernel: [    3.942322] pci 0000:80:03.0: PCI INT A -> GSI 65 (level, low) -> IRQ 65
Jun  8 20:33:36 sim-16 kernel: [    3.942325] pci 0000:80:03.0: setting latency timer to 64
Jun  8 20:33:36 sim-16 kernel: [    3.942329] pci_bus 0000:00: resource 4 [io  0x0000-0x03af]
Jun  8 20:33:36 sim-16 kernel: [    3.942331] pci_bus 0000:00: resource 5 [io  0x03e0-0x0cf7]
Jun  8 20:33:36 sim-16 kernel: [    3.942332] pci_bus 0000:00: resource 6 [io  0x03b0-0x03df]
Jun  8 20:33:36 sim-16 kernel: [    3.942334] pci_bus 0000:00: resource 7 [io  0x0d00-0x9fff]
Jun  8 20:33:36 sim-16 kernel: [    3.942335] pci_bus 0000:00: resource 8 [mem 0x000a0000-0x000bffff]
Jun  8 20:33:36 sim-16 kernel: [    3.942337] pci_bus 0000:00: resource 9 [mem 0x000c0000-0x000dffff]
Jun  8 20:33:36 sim-16 kernel: [    3.942338] pci_bus 0000:00: resource 10 [mem 0xfed08000-0xfed08fff]
Jun  8 20:33:36 sim-16 kernel: [    3.942340] pci_bus 0000:00: resource 11 [mem 0xfed0e000-0xfed0ffff]
Jun  8 20:33:36 sim-16 kernel: [    3.942341] pci_bus 0000:00: resource 12 [mem 0x80000000-0xbfffffff]
Jun  8 20:33:36 sim-16 kernel: [    3.942343] pci_bus 0000:03: resource 0 [io  0x8000-0x8fff]
Jun  8 20:33:36 sim-16 kernel: [    3.942345] pci_bus 0000:03: resource 1 [mem 0xbf900000-0xbfafffff]
Jun  8 20:33:36 sim-16 kernel: [    3.942347] pci_bus 0000:06: resource 0 [io  0x7000-0x7fff]
Jun  8 20:33:36 sim-16 kernel: [    3.942348] pci_bus 0000:06: resource 1 [mem 0xbfb00000-0xbfbfffff]
Jun  8 20:33:36 sim-16 kernel: [    3.942350] pci_bus 0000:06: resource 2 [mem 0xbe000000-0xbe0fffff 64bit pref]
Jun  8 20:33:36 sim-16 kernel: [    3.942352] pci_bus 0000:08: resource 1 [mem 0xbf000000-0xbf8fffff]
Jun  8 20:33:36 sim-16 kernel: [    3.942354] pci_bus 0000:08: resource 2 [mem 0xbd000000-0xbdffffff 64bit pref]
Jun  8 20:33:36 sim-16 kernel: [    3.942355] pci_bus 0000:08: resource 4 [io  0x0000-0x03af]
Jun  8 20:33:36 sim-16 kernel: [    3.942357] pci_bus 0000:08: resource 5 [io  0x03e0-0x0cf7]
Jun  8 20:33:36 sim-16 kernel: [    3.942358] pci_bus 0000:08: resource 6 [io  0x03b0-0x03df]
Jun  8 20:33:36 sim-16 kernel: [    3.942360] pci_bus 0000:08: resource 7 [io  0x0d00-0x9fff]
Jun  8 20:33:36 sim-16 kernel: [    3.942361] pci_bus 0000:08: resource 8 [mem 0x000a0000-0x000bffff]
Jun  8 20:33:36 sim-16 kernel: [    3.942363] pci_bus 0000:08: resource 9 [mem 0x000c0000-0x000dffff]
Jun  8 20:33:36 sim-16 kernel: [    3.942365] pci_bus 0000:08: resource 10 [mem 0xfed08000-0xfed08fff]
Jun  8 20:33:36 sim-16 kernel: [    3.942366] pci_bus 0000:08: resource 11 [mem 0xfed0e000-0xfed0ffff]
Jun  8 20:33:36 sim-16 kernel: [    3.942368] pci_bus 0000:08: resource 12 [mem 0x80000000-0xbfffffff]
Jun  8 20:33:36 sim-16 kernel: [    3.942370] pci_bus 0000:80: resource 4 [io  0xa000-0xffff]
Jun  8 20:33:36 sim-16 kernel: [    3.942372] pci_bus 0000:80: resource 5 [mem 0xc0000000-0xfbffffff]
Jun  8 20:33:36 sim-16 kernel: [    3.942373] pci_bus 0000:81: resource 0 [io  0xf000-0xffff]
Jun  8 20:33:36 sim-16 kernel: [    3.942375] pci_bus 0000:81: resource 1 [mem 0xfb100000-0xfb1fffff]
Jun  8 20:33:36 sim-16 kernel: [    3.942377] pci_bus 0000:81: resource 2 [mem 0xf2100000-0xf26fffff 64bit pref]
Jun  8 20:33:36 sim-16 kernel: [    3.942379] pci_bus 0000:83: resource 1 [mem 0xf9000000-0xfb0fffff]
Jun  8 20:33:36 sim-16 kernel: [    3.942380] pci_bus 0000:83: resource 2 [mem 0xc0000000-0xf1ffffff 64bit pref]
Jun  8 20:33:36 sim-16 kernel: [    3.942382] pci_bus 0000:84: resource 1 [mem 0xf9000000-0xfaffffff]
Jun  8 20:33:36 sim-16 kernel: [    3.942384] pci_bus 0000:84: resource 2 [mem 0xc0000000-0xf1ffffff 64bit pref]
